******************************************************************************
                  TI ARM Linker PC v5.0.4                      
******************************************************************************
>> Linked Sat Feb 21 16:34:32 2015

OUTPUT FILE NAME:   <base.out>
ENTRY POINT SYMBOL: "_c_int00"  address: 00000a1d


MEMORY CONFIGURATION

         name            origin    length      used     unused   attr    fill
----------------------  --------  ---------  --------  --------  ----  --------
  FLASH                 00000000   00040000  00000d9e  0003f262  R  X
  SRAM                  20000000   00008000  00000cb4  0000734c  RW X


SEGMENT ALLOCATION MAP

run origin  load origin   length   init length attrs members
----------  ----------- ---------- ----------- ----- -------
00000000    00000000    00000da0   00000da0    r-x
  00000000    00000000    0000026c   0000026c    r-- .intvecs
  0000026c    0000026c    00000ac0   00000ac0    r-x .text
  00000d2c    00000d2c    0000003a   0000003a    r-- .const
  00000d68    00000d68    00000038   00000038    r-- .cinit
20000000    20000000    00000c88   00000000    rw-
  20000000    20000000    00000800   00000000    rw- .stack
  20000800    20000800    00000488   00000000    rw- .bss
20000c88    20000c88    0000002c   0000002c    rw-
  20000c88    20000c88    0000002c   0000002c    rw- .data


SECTION ALLOCATION MAP

 output                                  attributes/
section   page    origin      length       input sections
--------  ----  ----------  ----------   ----------------
.intvecs   0    00000000    0000026c     
                  00000000    0000026c     startup_ccs.obj (.intvecs)

.init_array 
*          0    00000000    00000000     UNINITIALIZED

.text      0    0000026c    00000ac0     
                  0000026c    000001ea     uartstdio.obj (.text:UARTvprintf)
                  00000456    00000002     startup_ccs.obj (.text:FaultISR)
                  00000458    00000150     uartstdio.obj (.text:UARTStdioIntHandler)
                  000005a8    000000b8     driverlib.lib : gpio.obj (.text:GPIOPadConfigSet)
                  00000660    000000a8     uartstdio.obj (.text:UARTwrite)
                  00000708    000000a4     uartstdio.obj (.text:UARTStdioConfig)
                  000007ac    0000009c     rtsv7M4_T_le_v4SPD16_eabi.lib : memcpy_t2.obj (.text)
                  00000848    00000094                                   : auto_init.obj (.text)
                  000008dc    00000084     uartstdio.obj (.text:UARTPrimeTransmit)
                  00000960    0000005e     rtsv7M4_T_le_v4SPD16_eabi.lib : copy_decompress_rle.obj (.text)
                  000009be    00000002     startup_ccs.obj (.text:IntDefaultHandler)
                  000009c0    0000005c     main.obj (.text:configureUART)
                  00000a1c    00000048     rtsv7M4_T_le_v4SPD16_eabi.lib : boot.obj (.text)
                  00000a64    00000044                                   : cpy_tbl.obj (.text)
                  00000aa8    00000042                                   : u_divt2.obj (.text)
                  00000aea    00000002     startup_ccs.obj (.text:NmiSR)
                  00000aec    00000040     rtsv7M4_T_le_v4SPD16_eabi.lib : exit.obj (.text)
                  00000b2c    0000003c     uartstdio.obj (.text:UARTFlushTx)
                  00000b68    0000003c     main.obj (.text:main)
                  00000ba4    00000034     driverlib.lib : sysctl.obj (.text:SysCtlPeripheralEnable)
                  00000bd8    00000034     main.obj (.text:bootUp)
                  00000c0c    0000002c     uartstdio.obj (.text:UARTFlushRx)
                  00000c38    0000002a     driverlib.lib : gpio.obj (.text:GPIODirModeSet)
                  00000c62    0000001a     uartstdio.obj (.text:IsBufferFull)
                  00000c7c    0000001a     uartstdio.obj (.text:UARTprintf)
                  00000c96    00000002     main.obj (.text:SysTickIntHandler)
                  00000c98    00000018     rtsv7M4_T_le_v4SPD16_eabi.lib : args_main.obj (.text)
                  00000cb0    00000014                                   : _lock.obj (.text)
                  00000cc4    00000012     driverlib.lib : gpio.obj (.text:GPIOPinTypeGPIOOutput)
                  00000cd6    00000012     rtsv7M4_T_le_v4SPD16_eabi.lib : copy_zero_init.obj (.text:decompress:ZI)
                  00000ce8    00000010     led.obj (.text:ledSetColour)
                  00000cf8    0000000e     uartstdio.obj (.text:IsBufferEmpty)
                  00000d06    0000000e     rtsv7M4_T_le_v4SPD16_eabi.lib : copy_decompress_none.obj (.text:decompress:none)
                  00000d14    00000006     driverlib.lib : gpio.obj (.text:GPIOPinWrite)
                  00000d1a    00000006     startup_ccs.obj (.text:ResetISR)
                  00000d20    00000006     driverlib.lib : uart.obj (.text:UARTClockSourceSet)
                  00000d26    00000006     rtsv7M4_T_le_v4SPD16_eabi.lib : copy_decompress_rle.obj (.text:decompress:rle24)

.const     0    00000d2c    0000003a     
                  00000d2c    00000028     uartstdio.obj (.const)
                  00000d54    00000012     uartstdio.obj (.const:.string)

.cinit     0    00000d68    00000038     
                  00000d68    00000012     (.cinit..data.load) [load image, compression = rle]
                  00000d7a    00000002     --HOLE-- [fill = 0]
                  00000d7c    0000000c     (__TI_handler_table)
                  00000d88    00000008     (.cinit..bss.load) [load image, compression = zero_init]
                  00000d90    00000010     (__TI_cinit_table)

.stack     0    20000000    00000800     UNINITIALIZED
                  20000000    00000800     --HOLE--

.bss       0    20000800    00000488     UNINITIALIZED
                  20000800    00000400     uartstdio.obj (.bss:g_pcUARTTxBuffer)
                  20000c00    00000080     uartstdio.obj (.bss:g_pcUARTRxBuffer)
                  20000c80    00000008     uartstdio.obj (.bss)

.data      0    20000c88    0000002c     
                  20000c88    00000015     uartstdio.obj (.data)
                  20000c9d    00000003     --HOLE--
                  20000ca0    00000008     rtsv7M4_T_le_v4SPD16_eabi.lib : _lock.obj (.data)
                  20000ca8    00000008                                   : exit.obj (.data)
                  20000cb0    00000004                                   : stkdepth_vars.obj (.data)


LINKER GENERATED COPY TABLES

__TI_cinit_table @ 00000d90 records: 2, size/record: 8, table size: 16
	.data: load addr=00000d68, load size=00000012 bytes, run addr=20000c88, run size=0000002c bytes, compression=rle
	.bss: load addr=00000d88, load size=00000008 bytes, run addr=20000800, run size=00000488 bytes, compression=zero_init


LINKER GENERATED HANDLER TABLE

__TI_handler_table @ 00000d7c records: 3, size/record: 4, table size: 12
	index: 0, handler: __TI_decompress_rle24
	index: 1, handler: __TI_decompress_none
	index: 2, handler: __TI_zero_init


GLOBAL SYMBOLS: SORTED ALPHABETICALLY BY Name 

address    name
--------   ----
00000aed   C$$EXIT
00000c39   GPIODirModeSet
000005a9   GPIOPadConfigSet
00000cc5   GPIOPinTypeGPIOOutput
00000d15   GPIOPinWrite
00000d1b   ResetISR
UNDEFED    SHT$$INIT_ARRAY$$Base
UNDEFED    SHT$$INIT_ARRAY$$Limit
00000ba5   SysCtlPeripheralEnable
00000c97   SysTickIntHandler
00000d21   UARTClockSourceSet
00000c0d   UARTFlushRx
00000b2d   UARTFlushTx
00000709   UARTStdioConfig
00000459   UARTStdioIntHandler
00000c7d   UARTprintf
0000026d   UARTvprintf
00000661   UARTwrite
20000800   __STACK_END
00000800   __STACK_SIZE
20000800   __STACK_TOP
00000d90   __TI_CINIT_Base
00000da0   __TI_CINIT_Limit
00000d7c   __TI_Handler_Table_Base
00000d88   __TI_Handler_Table_Limit
00000001   __TI_args_main
00000849   __TI_auto_init
00000d07   __TI_decompress_none
00000d27   __TI_decompress_rle24
00000000   __TI_static_base__
00000cd7   __TI_zero_init
000007ad   __aeabi_memcpy
000007ad   __aeabi_memcpy4
000007ad   __aeabi_memcpy8
00000aa9   __aeabi_uidivmod
ffffffff   __binit__
ffffffff   __c_args__
20000000   __stack
00000c99   _args_main
00000a1d   _c_int00
20000ca8   _cleanup_ptr
20000cac   _dtors_ptr
20000ca0   _lock
00000cbf   _nop
00000cb7   _register_lock
00000cb1   _register_unlock
20000ca4   _unlock
00000af1   abort
ffffffff   binit
00000bd9   bootUp
000009c1   configureUART
00000a65   copy_in
00000af9   exit
00000000   g_pfnVectors
00000ce9   ledSetColour
00000b69   main
20000cb0   main_func_sp
000007ad   memcpy


GLOBAL SYMBOLS: SORTED BY Symbol Address 

address    name
--------   ----
00000000   __TI_static_base__
00000000   g_pfnVectors
00000001   __TI_args_main
0000026d   UARTvprintf
00000459   UARTStdioIntHandler
000005a9   GPIOPadConfigSet
00000661   UARTwrite
00000709   UARTStdioConfig
000007ad   __aeabi_memcpy
000007ad   __aeabi_memcpy4
000007ad   __aeabi_memcpy8
000007ad   memcpy
00000800   __STACK_SIZE
00000849   __TI_auto_init
000009c1   configureUART
00000a1d   _c_int00
00000a65   copy_in
00000aa9   __aeabi_uidivmod
00000aed   C$$EXIT
00000af1   abort
00000af9   exit
00000b2d   UARTFlushTx
00000b69   main
00000ba5   SysCtlPeripheralEnable
00000bd9   bootUp
00000c0d   UARTFlushRx
00000c39   GPIODirModeSet
00000c7d   UARTprintf
00000c97   SysTickIntHandler
00000c99   _args_main
00000cb1   _register_unlock
00000cb7   _register_lock
00000cbf   _nop
00000cc5   GPIOPinTypeGPIOOutput
00000cd7   __TI_zero_init
00000ce9   ledSetColour
00000d07   __TI_decompress_none
00000d15   GPIOPinWrite
00000d1b   ResetISR
00000d21   UARTClockSourceSet
00000d27   __TI_decompress_rle24
00000d7c   __TI_Handler_Table_Base
00000d88   __TI_Handler_Table_Limit
00000d90   __TI_CINIT_Base
00000da0   __TI_CINIT_Limit
20000000   __stack
20000800   __STACK_END
20000800   __STACK_TOP
20000ca0   _lock
20000ca4   _unlock
20000ca8   _cleanup_ptr
20000cac   _dtors_ptr
20000cb0   main_func_sp
ffffffff   __binit__
ffffffff   __c_args__
ffffffff   binit
UNDEFED    SHT$$INIT_ARRAY$$Base
UNDEFED    SHT$$INIT_ARRAY$$Limit

[58 symbols]
