<?xml version="1.0"?>
<link_info>
   <banner>TI ARM Linker PC v5.0.4</banner>
   <copyright>Copyright (c) 1996-2013 Texas Instruments Incorporated</copyright>
   <link_time>0x54ed7bc5</link_time>
   <output_file>base.out</output_file>
   <entry_point>
      <name>_c_int00</name>
      <address>0xa79</address>
   </entry_point>
   <input_file_list>
      <input_file id="fl-2">
         <path>.\drivers\</path>
         <kind>object</kind>
         <file>rgb.obj</file>
         <name>rgb.obj</name>
      </input_file>
      <input_file id="fl-3">
         <path>.\drivers\</path>
         <kind>object</kind>
         <file>buttons.obj</file>
         <name>buttons.obj</name>
      </input_file>
      <input_file id="fl-4">
         <path>.\utils\</path>
         <kind>object</kind>
         <file>ustdlib.obj</file>
         <name>ustdlib.obj</name>
      </input_file>
      <input_file id="fl-5">
         <path>.\utils\</path>
         <kind>object</kind>
         <file>uartstdio.obj</file>
         <name>uartstdio.obj</name>
      </input_file>
      <input_file id="fl-6">
         <path>.\utils\</path>
         <kind>object</kind>
         <file>cmdline.obj</file>
         <name>cmdline.obj</name>
      </input_file>
      <input_file id="fl-7">
         <path>.\</path>
         <kind>object</kind>
         <file>startup_ccs.obj</file>
         <name>startup_ccs.obj</name>
      </input_file>
      <input_file id="fl-8">
         <path>.\</path>
         <kind>object</kind>
         <file>main.obj</file>
         <name>main.obj</name>
      </input_file>
      <input_file id="fl-9">
         <path>.\</path>
         <kind>object</kind>
         <file>led.obj</file>
         <name>led.obj</name>
      </input_file>
      <input_file id="fl-a">
         <path>.\</path>
         <kind>object</kind>
         <file>adc.obj</file>
         <name>adc.obj</name>
      </input_file>
      <input_file id="fl-139">
         <path>C:\ti\ccsv5\tools\compiler\arm_5.0.4\lib\</path>
         <kind>archive</kind>
         <file>rtsv7M4_T_le_v4SPD16_eabi.lib</file>
         <name>boot.obj</name>
      </input_file>
      <input_file id="fl-13a">
         <path>C:\ti\ccsv5\tools\compiler\arm_5.0.4\lib\</path>
         <kind>archive</kind>
         <file>rtsv7M4_T_le_v4SPD16_eabi.lib</file>
         <name>copy_decompress_none.obj</name>
      </input_file>
      <input_file id="fl-13b">
         <path>C:\ti\ccsv5\tools\compiler\arm_5.0.4\lib\</path>
         <kind>archive</kind>
         <file>rtsv7M4_T_le_v4SPD16_eabi.lib</file>
         <name>copy_decompress_rle.obj</name>
      </input_file>
      <input_file id="fl-13c">
         <path>C:\ti\ccsv5\tools\compiler\arm_5.0.4\lib\</path>
         <kind>archive</kind>
         <file>rtsv7M4_T_le_v4SPD16_eabi.lib</file>
         <name>copy_zero_init.obj</name>
      </input_file>
      <input_file id="fl-13d">
         <path>C:\ti\ccsv5\tools\compiler\arm_5.0.4\lib\</path>
         <kind>archive</kind>
         <file>rtsv7M4_T_le_v4SPD16_eabi.lib</file>
         <name>exit.obj</name>
      </input_file>
      <input_file id="fl-13e">
         <path>C:\ti\ccsv5\tools\compiler\arm_5.0.4\lib\</path>
         <kind>archive</kind>
         <file>rtsv7M4_T_le_v4SPD16_eabi.lib</file>
         <name>fs_toull_t2.obj</name>
      </input_file>
      <input_file id="fl-13f">
         <path>C:\ti\ccsv5\tools\compiler\arm_5.0.4\lib\</path>
         <kind>archive</kind>
         <file>rtsv7M4_T_le_v4SPD16_eabi.lib</file>
         <name>memcpy_t2.obj</name>
      </input_file>
      <input_file id="fl-140">
         <path>C:\ti\ccsv5\tools\compiler\arm_5.0.4\lib\</path>
         <kind>archive</kind>
         <file>rtsv7M4_T_le_v4SPD16_eabi.lib</file>
         <name>stkdepth_vars.obj</name>
      </input_file>
      <input_file id="fl-141">
         <path>C:\ti\ccsv5\tools\compiler\arm_5.0.4\lib\</path>
         <kind>archive</kind>
         <file>rtsv7M4_T_le_v4SPD16_eabi.lib</file>
         <name>strcmp.obj</name>
      </input_file>
      <input_file id="fl-142">
         <path>C:\ti\ccsv5\tools\compiler\arm_5.0.4\lib\</path>
         <kind>archive</kind>
         <file>rtsv7M4_T_le_v4SPD16_eabi.lib</file>
         <name>u_divt2.obj</name>
      </input_file>
      <input_file id="fl-143">
         <path>C:\ti\ccsv5\tools\compiler\arm_5.0.4\lib\</path>
         <kind>archive</kind>
         <file>rtsv7M4_T_le_v4SPD16_eabi.lib</file>
         <name>_lock.obj</name>
      </input_file>
      <input_file id="fl-144">
         <path>C:\ti\ccsv5\tools\compiler\arm_5.0.4\lib\</path>
         <kind>archive</kind>
         <file>rtsv7M4_T_le_v4SPD16_eabi.lib</file>
         <name>args_main.obj</name>
      </input_file>
      <input_file id="fl-145">
         <path>C:\ti\ccsv5\tools\compiler\arm_5.0.4\lib\</path>
         <kind>archive</kind>
         <file>rtsv7M4_T_le_v4SPD16_eabi.lib</file>
         <name>auto_init.obj</name>
      </input_file>
      <input_file id="fl-146">
         <path>C:\ti\ccsv5\tools\compiler\arm_5.0.4\lib\</path>
         <kind>archive</kind>
         <file>rtsv7M4_T_le_v4SPD16_eabi.lib</file>
         <name>cpy_tbl.obj</name>
      </input_file>
      <input_file id="fl-147">
         <path>C:\ti\TivaWare_C_Series-1.1\examples\boards\ek-tm4c123gxl\qs-rgb\ccs\..\..\..\..\..\driverlib\ccs\Debug\</path>
         <kind>archive</kind>
         <file>driverlib.lib</file>
         <name>uart.obj</name>
      </input_file>
      <input_file id="fl-148">
         <path>C:\ti\TivaWare_C_Series-1.1\examples\boards\ek-tm4c123gxl\qs-rgb\ccs\..\..\..\..\..\driverlib\ccs\Debug\</path>
         <kind>archive</kind>
         <file>driverlib.lib</file>
         <name>sysctl.obj</name>
      </input_file>
      <input_file id="fl-149">
         <path>C:\ti\TivaWare_C_Series-1.1\examples\boards\ek-tm4c123gxl\qs-rgb\ccs\..\..\..\..\..\driverlib\ccs\Debug\</path>
         <kind>archive</kind>
         <file>driverlib.lib</file>
         <name>interrupt.obj</name>
      </input_file>
      <input_file id="fl-14a">
         <path>C:\ti\TivaWare_C_Series-1.1\examples\boards\ek-tm4c123gxl\qs-rgb\ccs\..\..\..\..\..\driverlib\ccs\Debug\</path>
         <kind>archive</kind>
         <file>driverlib.lib</file>
         <name>cpu.obj</name>
      </input_file>
      <input_file id="fl-14b">
         <path>C:\ti\TivaWare_C_Series-1.1\examples\boards\ek-tm4c123gxl\qs-rgb\ccs\..\..\..\..\..\driverlib\ccs\Debug\</path>
         <kind>archive</kind>
         <file>driverlib.lib</file>
         <name>adc.obj</name>
      </input_file>
   </input_file_list>
   <object_component_list>
      <object_component id="oc-e">
         <name>.intvecs</name>
         <load_address>0x0</load_address>
         <run_address>0x0</run_address>
         <size>0x26c</size>
         <input_file_ref idref="fl-7"/>
      </object_component>
      <object_component id="oc-125">
         <name>.text:UARTvprintf</name>
         <load_address>0x26c</load_address>
         <run_address>0x26c</run_address>
         <size>0x1ea</size>
         <input_file_ref idref="fl-5"/>
      </object_component>
      <object_component id="oc-29">
         <name>.text:FaultISR</name>
         <load_address>0x456</load_address>
         <run_address>0x456</run_address>
         <size>0x2</size>
         <input_file_ref idref="fl-7"/>
      </object_component>
      <object_component id="oc-35">
         <name>.text:UARTStdioIntHandler</name>
         <load_address>0x458</load_address>
         <run_address>0x458</run_address>
         <size>0x150</size>
         <input_file_ref idref="fl-5"/>
      </object_component>
      <object_component id="oc-73">
         <name>.text:UARTwrite</name>
         <load_address>0x5a8</load_address>
         <run_address>0x5a8</run_address>
         <size>0xa8</size>
         <input_file_ref idref="fl-5"/>
      </object_component>
      <object_component id="oc-144">
         <name>.text:UARTStdioConfig</name>
         <load_address>0x650</load_address>
         <run_address>0x650</run_address>
         <size>0xa4</size>
         <input_file_ref idref="fl-5"/>
      </object_component>
      <object_component id="oc-4b">
         <name>.text</name>
         <load_address>0x6f4</load_address>
         <run_address>0x6f4</run_address>
         <size>0x9c</size>
         <input_file_ref idref="fl-13f"/>
      </object_component>
      <object_component id="oc-3c">
         <name>.text</name>
         <load_address>0x790</load_address>
         <run_address>0x790</run_address>
         <size>0x94</size>
         <input_file_ref idref="fl-145"/>
      </object_component>
      <object_component id="oc-6b">
         <name>.text:UARTPrimeTransmit</name>
         <load_address>0x824</load_address>
         <run_address>0x824</run_address>
         <size>0x84</size>
         <input_file_ref idref="fl-5"/>
      </object_component>
      <object_component id="oc-114">
         <name>.text:ADCSequenceStepConfigure</name>
         <load_address>0x8a8</load_address>
         <run_address>0x8a8</run_address>
         <size>0x70</size>
         <input_file_ref idref="fl-14b"/>
      </object_component>
      <object_component id="oc-5b">
         <name>.text</name>
         <load_address>0x918</load_address>
         <run_address>0x918</run_address>
         <size>0x5e</size>
         <input_file_ref idref="fl-13b"/>
      </object_component>
      <object_component id="oc-2d">
         <name>.text:IntDefaultHandler</name>
         <load_address>0x976</load_address>
         <run_address>0x976</run_address>
         <size>0x2</size>
         <input_file_ref idref="fl-7"/>
      </object_component>
      <object_component id="oc-10a">
         <name>.text:configureUART</name>
         <load_address>0x978</load_address>
         <run_address>0x978</run_address>
         <size>0x5c</size>
         <input_file_ref idref="fl-8"/>
      </object_component>
      <object_component id="oc-93">
         <name>.text:main</name>
         <load_address>0x9d4</load_address>
         <run_address>0x9d4</run_address>
         <size>0x58</size>
         <input_file_ref idref="fl-8"/>
      </object_component>
      <object_component id="oc-e9">
         <name>.text:getTempFromInternal</name>
         <load_address>0xa2c</load_address>
         <run_address>0xa2c</run_address>
         <size>0x4c</size>
         <input_file_ref idref="fl-a"/>
      </object_component>
      <object_component id="oc-10">
         <name>.text</name>
         <load_address>0xa78</load_address>
         <run_address>0xa78</run_address>
         <size>0x48</size>
         <input_file_ref idref="fl-139"/>
      </object_component>
      <object_component id="oc-dd">
         <name>.text:setupADC</name>
         <load_address>0xac0</load_address>
         <run_address>0xac0</run_address>
         <size>0x48</size>
         <input_file_ref idref="fl-a"/>
      </object_component>
      <object_component id="oc-8e">
         <name>.text</name>
         <load_address>0xb08</load_address>
         <run_address>0xb08</run_address>
         <size>0x44</size>
         <input_file_ref idref="fl-146"/>
      </object_component>
      <object_component id="oc-153">
         <name>.text</name>
         <load_address>0xb4c</load_address>
         <run_address>0xb4c</run_address>
         <size>0x42</size>
         <input_file_ref idref="fl-142"/>
      </object_component>
      <object_component id="oc-25">
         <name>.text:NmiSR</name>
         <load_address>0xb8e</load_address>
         <run_address>0xb8e</run_address>
         <size>0x2</size>
         <input_file_ref idref="fl-7"/>
      </object_component>
      <object_component id="oc-44">
         <name>.text</name>
         <load_address>0xb90</load_address>
         <run_address>0xb90</run_address>
         <size>0x40</size>
         <input_file_ref idref="fl-13d"/>
      </object_component>
      <object_component id="oc-16b">
         <name>.text:UARTFlushTx</name>
         <load_address>0xbd0</load_address>
         <run_address>0xbd0</run_address>
         <size>0x3c</size>
         <input_file_ref idref="fl-5"/>
      </object_component>
      <object_component id="oc-d9">
         <name>.text:bootUp</name>
         <load_address>0xc0c</load_address>
         <run_address>0xc0c</run_address>
         <size>0x38</size>
         <input_file_ref idref="fl-8"/>
      </object_component>
      <object_component id="oc-12f">
         <name>.text:ADCIntStatus</name>
         <load_address>0xc44</load_address>
         <run_address>0xc44</run_address>
         <size>0x2e</size>
         <input_file_ref idref="fl-14b"/>
      </object_component>
      <object_component id="oc-10f">
         <name>.text:ADCSequenceConfigure</name>
         <load_address>0xc72</load_address>
         <run_address>0xc72</run_address>
         <size>0x2c</size>
         <input_file_ref idref="fl-14b"/>
      </object_component>
      <object_component id="oc-31">
         <name>.text:SysTickIntHandler</name>
         <load_address>0xc9e</load_address>
         <run_address>0xc9e</run_address>
         <size>0x2</size>
         <input_file_ref idref="fl-8"/>
      </object_component>
      <object_component id="oc-167">
         <name>.text:UARTFlushRx</name>
         <load_address>0xca0</load_address>
         <run_address>0xca0</run_address>
         <size>0x2c</size>
         <input_file_ref idref="fl-5"/>
      </object_component>
      <object_component id="oc-134">
         <name>.text:ADCSequenceDataGet</name>
         <load_address>0xccc</load_address>
         <run_address>0xccc</run_address>
         <size>0x1e</size>
         <input_file_ref idref="fl-14b"/>
      </object_component>
      <object_component id="oc-e1">
         <name>.text:ledSetColour</name>
         <load_address>0xcec</load_address>
         <run_address>0xcec</run_address>
         <size>0x1c</size>
         <input_file_ref idref="fl-9"/>
      </object_component>
      <object_component id="oc-77">
         <name>.text:IsBufferFull</name>
         <load_address>0xd08</load_address>
         <run_address>0xd08</run_address>
         <size>0x1a</size>
         <input_file_ref idref="fl-5"/>
      </object_component>
      <object_component id="oc-e5">
         <name>.text:UARTprintf</name>
         <load_address>0xd22</load_address>
         <run_address>0xd22</run_address>
         <size>0x1a</size>
         <input_file_ref idref="fl-5"/>
      </object_component>
      <object_component id="oc-40">
         <name>.text</name>
         <load_address>0xd3c</load_address>
         <run_address>0xd3c</run_address>
         <size>0x18</size>
         <input_file_ref idref="fl-144"/>
      </object_component>
      <object_component id="oc-12a">
         <name>.text:ADCProcessorTrigger</name>
         <load_address>0xd54</load_address>
         <run_address>0xd54</run_address>
         <size>0x16</size>
         <input_file_ref idref="fl-14b"/>
      </object_component>
      <object_component id="oc-ee">
         <name>.text</name>
         <load_address>0xd6c</load_address>
         <run_address>0xd6c</run_address>
         <size>0x14</size>
         <input_file_ref idref="fl-143"/>
      </object_component>
      <object_component id="oc-18">
         <name>.text:decompress:ZI</name>
         <load_address>0xd80</load_address>
         <run_address>0xd80</run_address>
         <size>0x12</size>
         <input_file_ref idref="fl-13c"/>
      </object_component>
      <object_component id="oc-119">
         <name>.text:ADCSequenceEnable</name>
         <load_address>0xd92</load_address>
         <run_address>0xd92</run_address>
         <size>0xe</size>
         <input_file_ref idref="fl-14b"/>
      </object_component>
      <object_component id="oc-6f">
         <name>.text:IsBufferEmpty</name>
         <load_address>0xda0</load_address>
         <run_address>0xda0</run_address>
         <size>0xe</size>
         <input_file_ref idref="fl-5"/>
      </object_component>
      <object_component id="oc-14">
         <name>.text:decompress:none</name>
         <load_address>0xdae</load_address>
         <run_address>0xdae</run_address>
         <size>0xe</size>
         <input_file_ref idref="fl-13a"/>
      </object_component>
      <object_component id="oc-11e">
         <name>.text:ADCIntClear</name>
         <load_address>0xdbc</load_address>
         <run_address>0xdbc</run_address>
         <size>0xa</size>
         <input_file_ref idref="fl-14b"/>
      </object_component>
      <object_component id="oc-21">
         <name>.text:ResetISR</name>
         <load_address>0xdc6</load_address>
         <run_address>0xdc6</run_address>
         <size>0x6</size>
         <input_file_ref idref="fl-7"/>
      </object_component>
      <object_component id="oc-13f">
         <name>.text:UARTClockSourceSet</name>
         <load_address>0xdcc</load_address>
         <run_address>0xdcc</run_address>
         <size>0x6</size>
         <input_file_ref idref="fl-147"/>
      </object_component>
      <object_component id="oc-1c">
         <name>.text:decompress:rle24</name>
         <load_address>0xdd2</load_address>
         <run_address>0xdd2</run_address>
         <size>0x6</size>
         <input_file_ref idref="fl-13b"/>
      </object_component>
      <object_component id="oc-c3">
         <name>.const</name>
         <load_address>0xdd8</load_address>
         <run_address>0xdd8</run_address>
         <size>0x28</size>
         <input_file_ref idref="fl-5"/>
      </object_component>
      <object_component id="oc-fc">
         <name>.const:.string</name>
         <load_address>0xe00</load_address>
         <run_address>0xe00</run_address>
         <size>0x11</size>
         <input_file_ref idref="fl-5"/>
      </object_component>
      <object_component id="oc-196">
         <name>.cinit..data.load</name>
         <load_address>0xe18</load_address>
         <run_address>0xe18</run_address>
         <size>0x12</size>
      </object_component>
      <object_component id="oc-194">
         <name>__TI_handler_table</name>
         <load_address>0xe2c</load_address>
         <run_address>0xe2c</run_address>
         <size>0xc</size>
      </object_component>
      <object_component id="oc-197">
         <name>.cinit..bss.load</name>
         <load_address>0xe38</load_address>
         <run_address>0xe38</run_address>
         <size>0x8</size>
      </object_component>
      <object_component id="oc-195">
         <name>__TI_cinit_table</name>
         <load_address>0xe40</load_address>
         <run_address>0xe40</run_address>
         <size>0x10</size>
      </object_component>
      <object_component id="oc-48">
         <name>.data</name>
         <load_address>0x20000cb0</load_address>
         <run_address>0x20000cb0</run_address>
         <size>0x4</size>
         <input_file_ref idref="fl-140"/>
      </object_component>
      <object_component id="oc-7b">
         <name>.data</name>
         <load_address>0x20000c88</load_address>
         <run_address>0x20000c88</run_address>
         <size>0x15</size>
         <input_file_ref idref="fl-5"/>
      </object_component>
      <object_component id="oc-9d">
         <name>.data</name>
         <load_address>0x20000ca0</load_address>
         <run_address>0x20000ca0</run_address>
         <size>0x8</size>
         <input_file_ref idref="fl-143"/>
      </object_component>
      <object_component id="oc-9f">
         <name>.data</name>
         <load_address>0x20000ca8</load_address>
         <run_address>0x20000ca8</run_address>
         <size>0x8</size>
         <input_file_ref idref="fl-13d"/>
      </object_component>
      <object_component id="oc-7d">
         <name>.bss</name>
         <uninitialized>true</uninitialized>
         <run_address>0x20000c80</run_address>
         <size>0x8</size>
         <input_file_ref idref="fl-5"/>
      </object_component>
      <object_component id="oc-7f">
         <name>.bss:g_pcUARTRxBuffer</name>
         <uninitialized>true</uninitialized>
         <run_address>0x20000c00</run_address>
         <size>0x80</size>
         <input_file_ref idref="fl-5"/>
      </object_component>
      <object_component id="oc-c5">
         <name>.bss:g_pcUARTTxBuffer</name>
         <uninitialized>true</uninitialized>
         <run_address>0x20000800</run_address>
         <size>0x400</size>
         <input_file_ref idref="fl-5"/>
      </object_component>
      <object_component id="oc-20">
         <name>.stack</name>
         <uninitialized>true</uninitialized>
         <run_address>0x20000000</run_address>
         <size>0x0</size>
         <input_file_ref idref="fl-139"/>
      </object_component>
      <object_component id="oc-198">
         <name>.stack</name>
         <uninitialized>true</uninitialized>
         <run_address>0x20000000</run_address>
         <size>0x0</size>
      </object_component>
      <object_component id="oc-f">
         <name>.debug_info</name>
         <load_address>0x0</load_address>
         <run_address>0x0</run_address>
         <size>0xcf</size>
         <input_file_ref idref="fl-7"/>
      </object_component>
      <object_component id="oc-11">
         <name>.debug_info</name>
         <load_address>0xcf</load_address>
         <run_address>0xcf</run_address>
         <size>0xf4</size>
         <input_file_ref idref="fl-139"/>
      </object_component>
      <object_component id="oc-15">
         <name>.debug_info</name>
         <load_address>0x1c3</load_address>
         <run_address>0x1c3</run_address>
         <size>0x159</size>
         <input_file_ref idref="fl-13a"/>
      </object_component>
      <object_component id="oc-19">
         <name>.debug_info</name>
         <load_address>0x31c</load_address>
         <run_address>0x31c</run_address>
         <size>0x193</size>
         <input_file_ref idref="fl-13c"/>
      </object_component>
      <object_component id="oc-1d">
         <name>.debug_info</name>
         <load_address>0x4af</load_address>
         <run_address>0x4af</run_address>
         <size>0x16a</size>
         <input_file_ref idref="fl-13b"/>
      </object_component>
      <object_component id="oc-22">
         <name>.debug_info</name>
         <load_address>0x619</load_address>
         <run_address>0x619</run_address>
         <size>0x103</size>
         <input_file_ref idref="fl-7"/>
      </object_component>
      <object_component id="oc-26">
         <name>.debug_info</name>
         <load_address>0x71c</load_address>
         <run_address>0x71c</run_address>
         <size>0x15f</size>
         <input_file_ref idref="fl-7"/>
      </object_component>
      <object_component id="oc-2a">
         <name>.debug_info</name>
         <load_address>0x87b</load_address>
         <run_address>0x87b</run_address>
         <size>0x165</size>
         <input_file_ref idref="fl-7"/>
      </object_component>
      <object_component id="oc-2e">
         <name>.debug_info</name>
         <load_address>0x9e0</load_address>
         <run_address>0x9e0</run_address>
         <size>0x177</size>
         <input_file_ref idref="fl-7"/>
      </object_component>
      <object_component id="oc-32">
         <name>.debug_info</name>
         <load_address>0xb57</load_address>
         <run_address>0xb57</run_address>
         <size>0x100</size>
         <input_file_ref idref="fl-8"/>
      </object_component>
      <object_component id="oc-36">
         <name>.debug_info</name>
         <load_address>0xc57</load_address>
         <run_address>0xc57</run_address>
         <size>0x34c</size>
         <input_file_ref idref="fl-5"/>
      </object_component>
      <object_component id="oc-3b">
         <name>.debug_info</name>
         <load_address>0xfa3</load_address>
         <run_address>0xfa3</run_address>
         <size>0x142</size>
         <input_file_ref idref="fl-7"/>
      </object_component>
      <object_component id="oc-3d">
         <name>.debug_info</name>
         <load_address>0x10e5</load_address>
         <run_address>0x10e5</run_address>
         <size>0x13f</size>
         <input_file_ref idref="fl-145"/>
      </object_component>
      <object_component id="oc-41">
         <name>.debug_info</name>
         <load_address>0x1224</load_address>
         <run_address>0x1224</run_address>
         <size>0xfe</size>
         <input_file_ref idref="fl-144"/>
      </object_component>
      <object_component id="oc-45">
         <name>.debug_info</name>
         <load_address>0x1322</load_address>
         <run_address>0x1322</run_address>
         <size>0x205</size>
         <input_file_ref idref="fl-13d"/>
      </object_component>
      <object_component id="oc-49">
         <name>.debug_info</name>
         <load_address>0x1527</load_address>
         <run_address>0x1527</run_address>
         <size>0xbe</size>
         <input_file_ref idref="fl-140"/>
      </object_component>
      <object_component id="oc-4c">
         <name>.debug_info</name>
         <load_address>0x15e5</load_address>
         <run_address>0x15e5</run_address>
         <size>0xcd</size>
         <input_file_ref idref="fl-13f"/>
      </object_component>
      <object_component id="oc-50">
         <name>.debug_info</name>
         <load_address>0x16b2</load_address>
         <run_address>0x16b2</run_address>
         <size>0x46</size>
         <input_file_ref idref="fl-13a"/>
      </object_component>
      <object_component id="oc-56">
         <name>.debug_info</name>
         <load_address>0x16f8</load_address>
         <run_address>0x16f8</run_address>
         <size>0x46</size>
         <input_file_ref idref="fl-13c"/>
      </object_component>
      <object_component id="oc-5c">
         <name>.debug_info</name>
         <load_address>0x173e</load_address>
         <run_address>0x173e</run_address>
         <size>0x318</size>
         <input_file_ref idref="fl-13b"/>
      </object_component>
      <object_component id="oc-60">
         <name>.debug_info</name>
         <load_address>0x1a56</load_address>
         <run_address>0x1a56</run_address>
         <size>0xb2</size>
         <input_file_ref idref="fl-13b"/>
      </object_component>
      <object_component id="oc-61">
         <name>.debug_info</name>
         <load_address>0x1b08</load_address>
         <run_address>0x1b08</run_address>
         <size>0x39</size>
         <input_file_ref idref="fl-13b"/>
      </object_component>
      <object_component id="oc-6c">
         <name>.debug_info</name>
         <load_address>0x1b41</load_address>
         <run_address>0x1b41</run_address>
         <size>0x260</size>
         <input_file_ref idref="fl-5"/>
      </object_component>
      <object_component id="oc-70">
         <name>.debug_info</name>
         <load_address>0x1da1</load_address>
         <run_address>0x1da1</run_address>
         <size>0x19f</size>
         <input_file_ref idref="fl-5"/>
      </object_component>
      <object_component id="oc-74">
         <name>.debug_info</name>
         <load_address>0x1f40</load_address>
         <run_address>0x1f40</run_address>
         <size>0x28d</size>
         <input_file_ref idref="fl-5"/>
      </object_component>
      <object_component id="oc-78">
         <name>.debug_info</name>
         <load_address>0x21cd</load_address>
         <run_address>0x21cd</run_address>
         <size>0x1b6</size>
         <input_file_ref idref="fl-5"/>
      </object_component>
      <object_component id="oc-7c">
         <name>.debug_info</name>
         <load_address>0x2383</load_address>
         <run_address>0x2383</run_address>
         <size>0x1d3</size>
         <input_file_ref idref="fl-5"/>
      </object_component>
      <object_component id="oc-7e">
         <name>.debug_info</name>
         <load_address>0x2556</load_address>
         <run_address>0x2556</run_address>
         <size>0x119</size>
         <input_file_ref idref="fl-5"/>
      </object_component>
      <object_component id="oc-80">
         <name>.debug_info</name>
         <load_address>0x266f</load_address>
         <run_address>0x266f</run_address>
         <size>0xf3</size>
         <input_file_ref idref="fl-5"/>
      </object_component>
      <object_component id="oc-84">
         <name>.debug_info</name>
         <load_address>0x2762</load_address>
         <run_address>0x2762</run_address>
         <size>0x89</size>
         <input_file_ref idref="fl-7"/>
      </object_component>
      <object_component id="oc-89">
         <name>.debug_info</name>
         <load_address>0x27eb</load_address>
         <run_address>0x27eb</run_address>
         <size>0x18b</size>
         <input_file_ref idref="fl-2"/>
      </object_component>
      <object_component id="oc-8f">
         <name>.debug_info</name>
         <load_address>0x2976</load_address>
         <run_address>0x2976</run_address>
         <size>0x191</size>
         <input_file_ref idref="fl-146"/>
      </object_component>
      <object_component id="oc-94">
         <name>.debug_info</name>
         <load_address>0x2b07</load_address>
         <run_address>0x2b07</run_address>
         <size>0x1b3</size>
         <input_file_ref idref="fl-8"/>
      </object_component>
      <object_component id="oc-98">
         <name>.debug_info</name>
         <load_address>0x2cba</load_address>
         <run_address>0x2cba</run_address>
         <size>0x90</size>
         <input_file_ref idref="fl-144"/>
      </object_component>
      <object_component id="oc-9e">
         <name>.debug_info</name>
         <load_address>0x2d4a</load_address>
         <run_address>0x2d4a</run_address>
         <size>0xc8</size>
         <input_file_ref idref="fl-143"/>
      </object_component>
      <object_component id="oc-a0">
         <name>.debug_info</name>
         <load_address>0x2e12</load_address>
         <run_address>0x2e12</run_address>
         <size>0xdb</size>
         <input_file_ref idref="fl-13d"/>
      </object_component>
      <object_component id="oc-a2">
         <name>.debug_info</name>
         <load_address>0x2eed</load_address>
         <run_address>0x2eed</run_address>
         <size>0x89</size>
         <input_file_ref idref="fl-13a"/>
      </object_component>
      <object_component id="oc-a9">
         <name>.debug_info</name>
         <load_address>0x2f76</load_address>
         <run_address>0x2f76</run_address>
         <size>0x83</size>
         <input_file_ref idref="fl-140"/>
      </object_component>
      <object_component id="oc-af">
         <name>.debug_info</name>
         <load_address>0x2ff9</load_address>
         <run_address>0x2ff9</run_address>
         <size>0x46</size>
         <input_file_ref idref="fl-13a"/>
      </object_component>
      <object_component id="oc-b4">
         <name>.debug_info</name>
         <load_address>0x303f</load_address>
         <run_address>0x303f</run_address>
         <size>0xe8</size>
         <input_file_ref idref="fl-13a"/>
      </object_component>
      <object_component id="oc-b5">
         <name>.debug_info</name>
         <load_address>0x3127</load_address>
         <run_address>0x3127</run_address>
         <size>0x2c</size>
         <input_file_ref idref="fl-13b"/>
      </object_component>
      <object_component id="oc-ba">
         <name>.debug_info</name>
         <load_address>0x3153</load_address>
         <run_address>0x3153</run_address>
         <size>0xa8</size>
         <input_file_ref idref="fl-13c"/>
      </object_component>
      <object_component id="oc-bc">
         <name>.debug_info</name>
         <load_address>0x31fb</load_address>
         <run_address>0x31fb</run_address>
         <size>0x84</size>
         <input_file_ref idref="fl-13b"/>
      </object_component>
      <object_component id="oc-c4">
         <name>.debug_info</name>
         <load_address>0x327f</load_address>
         <run_address>0x327f</run_address>
         <size>0x167</size>
         <input_file_ref idref="fl-5"/>
      </object_component>
      <object_component id="oc-c6">
         <name>.debug_info</name>
         <load_address>0x33e6</load_address>
         <run_address>0x33e6</run_address>
         <size>0xf3</size>
         <input_file_ref idref="fl-5"/>
      </object_component>
      <object_component id="oc-c9">
         <name>.debug_info</name>
         <load_address>0x34d9</load_address>
         <run_address>0x34d9</run_address>
         <size>0x90</size>
         <input_file_ref idref="fl-2"/>
      </object_component>
      <object_component id="oc-ce">
         <name>.debug_info</name>
         <load_address>0x3569</load_address>
         <run_address>0x3569</run_address>
         <size>0x11b</size>
         <input_file_ref idref="fl-5"/>
      </object_component>
      <object_component id="oc-d8">
         <name>.debug_info</name>
         <load_address>0x3684</load_address>
         <run_address>0x3684</run_address>
         <size>0x143</size>
         <input_file_ref idref="fl-146"/>
      </object_component>
      <object_component id="oc-da">
         <name>.debug_info</name>
         <load_address>0x37c7</load_address>
         <run_address>0x37c7</run_address>
         <size>0x117</size>
         <input_file_ref idref="fl-8"/>
      </object_component>
      <object_component id="oc-de">
         <name>.debug_info</name>
         <load_address>0x38de</load_address>
         <run_address>0x38de</run_address>
         <size>0x15a</size>
         <input_file_ref idref="fl-a"/>
      </object_component>
      <object_component id="oc-e2">
         <name>.debug_info</name>
         <load_address>0x3a38</load_address>
         <run_address>0x3a38</run_address>
         <size>0x10f</size>
         <input_file_ref idref="fl-9"/>
      </object_component>
      <object_component id="oc-e6">
         <name>.debug_info</name>
         <load_address>0x3b47</load_address>
         <run_address>0x3b47</run_address>
         <size>0x18e</size>
         <input_file_ref idref="fl-5"/>
      </object_component>
      <object_component id="oc-ea">
         <name>.debug_info</name>
         <load_address>0x3cd5</load_address>
         <run_address>0x3cd5</run_address>
         <size>0x1b9</size>
         <input_file_ref idref="fl-a"/>
      </object_component>
      <object_component id="oc-ef">
         <name>.debug_info</name>
         <load_address>0x3e8e</load_address>
         <run_address>0x3e8e</run_address>
         <size>0x1ba</size>
         <input_file_ref idref="fl-143"/>
      </object_component>
      <object_component id="oc-f4">
         <name>.debug_info</name>
         <load_address>0x4048</load_address>
         <run_address>0x4048</run_address>
         <size>0xd4</size>
         <input_file_ref idref="fl-143"/>
      </object_component>
      <object_component id="oc-f7">
         <name>.debug_info</name>
         <load_address>0x411c</load_address>
         <run_address>0x411c</run_address>
         <size>0x131</size>
         <input_file_ref idref="fl-13d"/>
      </object_component>
      <object_component id="oc-105">
         <name>.debug_info</name>
         <load_address>0x424d</load_address>
         <run_address>0x424d</run_address>
         <size>0xcd</size>
         <input_file_ref idref="fl-146"/>
      </object_component>
      <object_component id="oc-10b">
         <name>.debug_info</name>
         <load_address>0x431a</load_address>
         <run_address>0x431a</run_address>
         <size>0x14a</size>
         <input_file_ref idref="fl-8"/>
      </object_component>
      <object_component id="oc-110">
         <name>.debug_info</name>
         <load_address>0x4464</load_address>
         <run_address>0x4464</run_address>
         <size>0x28a</size>
         <input_file_ref idref="fl-14b"/>
      </object_component>
      <object_component id="oc-115">
         <name>.debug_info</name>
         <load_address>0x46ee</load_address>
         <run_address>0x46ee</run_address>
         <size>0x297</size>
         <input_file_ref idref="fl-14b"/>
      </object_component>
      <object_component id="oc-11a">
         <name>.debug_info</name>
         <load_address>0x4985</load_address>
         <run_address>0x4985</run_address>
         <size>0x204</size>
         <input_file_ref idref="fl-14b"/>
      </object_component>
      <object_component id="oc-11f">
         <name>.debug_info</name>
         <load_address>0x4b89</load_address>
         <run_address>0x4b89</run_address>
         <size>0x1f8</size>
         <input_file_ref idref="fl-14b"/>
      </object_component>
      <object_component id="oc-126">
         <name>.debug_info</name>
         <load_address>0x4d81</load_address>
         <run_address>0x4d81</run_address>
         <size>0x7a4</size>
         <input_file_ref idref="fl-5"/>
      </object_component>
      <object_component id="oc-12b">
         <name>.debug_info</name>
         <load_address>0x5525</load_address>
         <run_address>0x5525</run_address>
         <size>0x208</size>
         <input_file_ref idref="fl-14b"/>
      </object_component>
      <object_component id="oc-130">
         <name>.debug_info</name>
         <load_address>0x572d</load_address>
         <run_address>0x572d</run_address>
         <size>0x245</size>
         <input_file_ref idref="fl-14b"/>
      </object_component>
      <object_component id="oc-135">
         <name>.debug_info</name>
         <load_address>0x5972</load_address>
         <run_address>0x5972</run_address>
         <size>0x2fb</size>
         <input_file_ref idref="fl-14b"/>
      </object_component>
      <object_component id="oc-140">
         <name>.debug_info</name>
         <load_address>0x5c6d</load_address>
         <run_address>0x5c6d</run_address>
         <size>0x1f5</size>
         <input_file_ref idref="fl-147"/>
      </object_component>
      <object_component id="oc-145">
         <name>.debug_info</name>
         <load_address>0x5e62</load_address>
         <run_address>0x5e62</run_address>
         <size>0x220</size>
         <input_file_ref idref="fl-5"/>
      </object_component>
      <object_component id="oc-14a">
         <name>.debug_info</name>
         <load_address>0x6082</load_address>
         <run_address>0x6082</run_address>
         <size>0x18b</size>
         <input_file_ref idref="fl-147"/>
      </object_component>
      <object_component id="oc-14f">
         <name>.debug_info</name>
         <load_address>0x620d</load_address>
         <run_address>0x620d</run_address>
         <size>0x1a3</size>
         <input_file_ref idref="fl-14b"/>
      </object_component>
      <object_component id="oc-154">
         <name>.debug_info</name>
         <load_address>0x63b0</load_address>
         <run_address>0x63b0</run_address>
         <size>0x139</size>
         <input_file_ref idref="fl-142"/>
      </object_component>
      <object_component id="oc-158">
         <name>.debug_info</name>
         <load_address>0x64e9</load_address>
         <run_address>0x64e9</run_address>
         <size>0x4e</size>
         <input_file_ref idref="fl-2"/>
      </object_component>
      <object_component id="oc-15f">
         <name>.debug_info</name>
         <load_address>0x6537</load_address>
         <run_address>0x6537</run_address>
         <size>0x90</size>
         <input_file_ref idref="fl-147"/>
      </object_component>
      <object_component id="oc-166">
         <name>.debug_info</name>
         <load_address>0x65c7</load_address>
         <run_address>0x65c7</run_address>
         <size>0x1c8</size>
         <input_file_ref idref="fl-147"/>
      </object_component>
      <object_component id="oc-168">
         <name>.debug_info</name>
         <load_address>0x678f</load_address>
         <run_address>0x678f</run_address>
         <size>0x171</size>
         <input_file_ref idref="fl-5"/>
      </object_component>
      <object_component id="oc-16c">
         <name>.debug_info</name>
         <load_address>0x6900</load_address>
         <run_address>0x6900</run_address>
         <size>0x228</size>
         <input_file_ref idref="fl-5"/>
      </object_component>
      <object_component id="oc-173">
         <name>.debug_info</name>
         <load_address>0x6b28</load_address>
         <run_address>0x6b28</run_address>
         <size>0x12b</size>
         <input_file_ref idref="fl-2"/>
      </object_component>
      <object_component id="oc-199">
         <name>.debug_info</name>
         <load_address>0x6c53</load_address>
         <run_address>0x6c53</run_address>
         <size>0x96</size>
      </object_component>
      <object_component id="oc-12">
         <name>.debug_line</name>
         <load_address>0x0</load_address>
         <run_address>0x0</run_address>
         <size>0x4f</size>
         <input_file_ref idref="fl-139"/>
      </object_component>
      <object_component id="oc-16">
         <name>.debug_line</name>
         <load_address>0x4f</load_address>
         <run_address>0x4f</run_address>
         <size>0x4d</size>
         <input_file_ref idref="fl-13a"/>
      </object_component>
      <object_component id="oc-1a">
         <name>.debug_line</name>
         <load_address>0x9c</load_address>
         <run_address>0x9c</run_address>
         <size>0x4c</size>
         <input_file_ref idref="fl-13c"/>
      </object_component>
      <object_component id="oc-1e">
         <name>.debug_line</name>
         <load_address>0xe8</load_address>
         <run_address>0xe8</run_address>
         <size>0x4c</size>
         <input_file_ref idref="fl-13b"/>
      </object_component>
      <object_component id="oc-23">
         <name>.debug_line</name>
         <load_address>0x134</load_address>
         <run_address>0x134</run_address>
         <size>0x47</size>
         <input_file_ref idref="fl-7"/>
      </object_component>
      <object_component id="oc-27">
         <name>.debug_line</name>
         <load_address>0x17b</load_address>
         <run_address>0x17b</run_address>
         <size>0x4a</size>
         <input_file_ref idref="fl-7"/>
      </object_component>
      <object_component id="oc-2b">
         <name>.debug_line</name>
         <load_address>0x1c5</load_address>
         <run_address>0x1c5</run_address>
         <size>0x4a</size>
         <input_file_ref idref="fl-7"/>
      </object_component>
      <object_component id="oc-2f">
         <name>.debug_line</name>
         <load_address>0x20f</load_address>
         <run_address>0x20f</run_address>
         <size>0x4a</size>
         <input_file_ref idref="fl-7"/>
      </object_component>
      <object_component id="oc-33">
         <name>.debug_line</name>
         <load_address>0x259</load_address>
         <run_address>0x259</run_address>
         <size>0x3c</size>
         <input_file_ref idref="fl-8"/>
      </object_component>
      <object_component id="oc-37">
         <name>.debug_line</name>
         <load_address>0x295</load_address>
         <run_address>0x295</run_address>
         <size>0x67</size>
         <input_file_ref idref="fl-5"/>
      </object_component>
      <object_component id="oc-3a">
         <name>.debug_line</name>
         <load_address>0x2fc</load_address>
         <run_address>0x2fc</run_address>
         <size>0x34</size>
         <input_file_ref idref="fl-7"/>
      </object_component>
      <object_component id="oc-3e">
         <name>.debug_line</name>
         <load_address>0x330</load_address>
         <run_address>0x330</run_address>
         <size>0x87</size>
         <input_file_ref idref="fl-145"/>
      </object_component>
      <object_component id="oc-42">
         <name>.debug_line</name>
         <load_address>0x3b7</load_address>
         <run_address>0x3b7</run_address>
         <size>0x42</size>
         <input_file_ref idref="fl-144"/>
      </object_component>
      <object_component id="oc-46">
         <name>.debug_line</name>
         <load_address>0x3f9</load_address>
         <run_address>0x3f9</run_address>
         <size>0x71</size>
         <input_file_ref idref="fl-13d"/>
      </object_component>
      <object_component id="oc-4d">
         <name>.debug_line</name>
         <load_address>0x46a</load_address>
         <run_address>0x46a</run_address>
         <size>0x88</size>
         <input_file_ref idref="fl-13f"/>
      </object_component>
      <object_component id="oc-52">
         <name>.debug_line</name>
         <load_address>0x4f2</load_address>
         <run_address>0x4f2</run_address>
         <size>0x3a</size>
         <input_file_ref idref="fl-13a"/>
      </object_component>
      <object_component id="oc-58">
         <name>.debug_line</name>
         <load_address>0x52c</load_address>
         <run_address>0x52c</run_address>
         <size>0x34</size>
         <input_file_ref idref="fl-13c"/>
      </object_component>
      <object_component id="oc-5d">
         <name>.debug_line</name>
         <load_address>0x560</load_address>
         <run_address>0x560</run_address>
         <size>0x58</size>
         <input_file_ref idref="fl-13b"/>
      </object_component>
      <object_component id="oc-63">
         <name>.debug_line</name>
         <load_address>0x5b8</load_address>
         <run_address>0x5b8</run_address>
         <size>0x39</size>
         <input_file_ref idref="fl-13b"/>
      </object_component>
      <object_component id="oc-6d">
         <name>.debug_line</name>
         <load_address>0x5f1</load_address>
         <run_address>0x5f1</run_address>
         <size>0x68</size>
         <input_file_ref idref="fl-5"/>
      </object_component>
      <object_component id="oc-71">
         <name>.debug_line</name>
         <load_address>0x659</load_address>
         <run_address>0x659</run_address>
         <size>0x64</size>
         <input_file_ref idref="fl-5"/>
      </object_component>
      <object_component id="oc-75">
         <name>.debug_line</name>
         <load_address>0x6bd</load_address>
         <run_address>0x6bd</run_address>
         <size>0x75</size>
         <input_file_ref idref="fl-5"/>
      </object_component>
      <object_component id="oc-79">
         <name>.debug_line</name>
         <load_address>0x732</load_address>
         <run_address>0x732</run_address>
         <size>0x64</size>
         <input_file_ref idref="fl-5"/>
      </object_component>
      <object_component id="oc-83">
         <name>.debug_line</name>
         <load_address>0x796</load_address>
         <run_address>0x796</run_address>
         <size>0x34</size>
         <input_file_ref idref="fl-7"/>
      </object_component>
      <object_component id="oc-86">
         <name>.debug_line</name>
         <load_address>0x7ca</load_address>
         <run_address>0x7ca</run_address>
         <size>0x20</size>
         <input_file_ref idref="fl-7"/>
      </object_component>
      <object_component id="oc-8b">
         <name>.debug_line</name>
         <load_address>0x7ea</load_address>
         <run_address>0x7ea</run_address>
         <size>0x59</size>
         <input_file_ref idref="fl-2"/>
      </object_component>
      <object_component id="oc-90">
         <name>.debug_line</name>
         <load_address>0x843</load_address>
         <run_address>0x843</run_address>
         <size>0x43</size>
         <input_file_ref idref="fl-146"/>
      </object_component>
      <object_component id="oc-95">
         <name>.debug_line</name>
         <load_address>0x886</load_address>
         <run_address>0x886</run_address>
         <size>0x43</size>
         <input_file_ref idref="fl-8"/>
      </object_component>
      <object_component id="oc-9a">
         <name>.debug_line</name>
         <load_address>0x8c9</load_address>
         <run_address>0x8c9</run_address>
         <size>0x20</size>
         <input_file_ref idref="fl-144"/>
      </object_component>
      <object_component id="oc-a4">
         <name>.debug_line</name>
         <load_address>0x8e9</load_address>
         <run_address>0x8e9</run_address>
         <size>0x20</size>
         <input_file_ref idref="fl-13a"/>
      </object_component>
      <object_component id="oc-a8">
         <name>.debug_line</name>
         <load_address>0x909</load_address>
         <run_address>0x909</run_address>
         <size>0x33</size>
         <input_file_ref idref="fl-140"/>
      </object_component>
      <object_component id="oc-ab">
         <name>.debug_line</name>
         <load_address>0x93c</load_address>
         <run_address>0x93c</run_address>
         <size>0x20</size>
         <input_file_ref idref="fl-140"/>
      </object_component>
      <object_component id="oc-b1">
         <name>.debug_line</name>
         <load_address>0x95c</load_address>
         <run_address>0x95c</run_address>
         <size>0x44</size>
         <input_file_ref idref="fl-13a"/>
      </object_component>
      <object_component id="oc-b7">
         <name>.debug_line</name>
         <load_address>0x9a0</load_address>
         <run_address>0x9a0</run_address>
         <size>0x44</size>
         <input_file_ref idref="fl-13b"/>
      </object_component>
      <object_component id="oc-be">
         <name>.debug_line</name>
         <load_address>0x9e4</load_address>
         <run_address>0x9e4</run_address>
         <size>0x20</size>
         <input_file_ref idref="fl-13b"/>
      </object_component>
      <object_component id="oc-c2">
         <name>.debug_line</name>
         <load_address>0xa04</load_address>
         <run_address>0xa04</run_address>
         <size>0x20</size>
         <input_file_ref idref="fl-13b"/>
      </object_component>
      <object_component id="oc-cb">
         <name>.debug_line</name>
         <load_address>0xa24</load_address>
         <run_address>0xa24</run_address>
         <size>0x20</size>
         <input_file_ref idref="fl-2"/>
      </object_component>
      <object_component id="oc-d2">
         <name>.debug_line</name>
         <load_address>0xa44</load_address>
         <run_address>0xa44</run_address>
         <size>0x51</size>
         <input_file_ref idref="fl-5"/>
      </object_component>
      <object_component id="oc-d4">
         <name>.debug_line</name>
         <load_address>0xa95</load_address>
         <run_address>0xa95</run_address>
         <size>0x51</size>
         <input_file_ref idref="fl-5"/>
      </object_component>
      <object_component id="oc-d6">
         <name>.debug_line</name>
         <load_address>0xae6</load_address>
         <run_address>0xae6</run_address>
         <size>0x51</size>
         <input_file_ref idref="fl-5"/>
      </object_component>
      <object_component id="oc-db">
         <name>.debug_line</name>
         <load_address>0xb37</load_address>
         <run_address>0xb37</run_address>
         <size>0x42</size>
         <input_file_ref idref="fl-8"/>
      </object_component>
      <object_component id="oc-df">
         <name>.debug_line</name>
         <load_address>0xb79</load_address>
         <run_address>0xb79</run_address>
         <size>0x3e</size>
         <input_file_ref idref="fl-a"/>
      </object_component>
      <object_component id="oc-e3">
         <name>.debug_line</name>
         <load_address>0xbb7</load_address>
         <run_address>0xbb7</run_address>
         <size>0x3c</size>
         <input_file_ref idref="fl-9"/>
      </object_component>
      <object_component id="oc-e7">
         <name>.debug_line</name>
         <load_address>0xbf3</load_address>
         <run_address>0xbf3</run_address>
         <size>0x64</size>
         <input_file_ref idref="fl-5"/>
      </object_component>
      <object_component id="oc-eb">
         <name>.debug_line</name>
         <load_address>0xc57</load_address>
         <run_address>0xc57</run_address>
         <size>0x43</size>
         <input_file_ref idref="fl-a"/>
      </object_component>
      <object_component id="oc-f0">
         <name>.debug_line</name>
         <load_address>0xc9a</load_address>
         <run_address>0xc9a</run_address>
         <size>0x60</size>
         <input_file_ref idref="fl-143"/>
      </object_component>
      <object_component id="oc-f3">
         <name>.debug_line</name>
         <load_address>0xcfa</load_address>
         <run_address>0xcfa</run_address>
         <size>0x2b</size>
         <input_file_ref idref="fl-143"/>
      </object_component>
      <object_component id="oc-f6">
         <name>.debug_line</name>
         <load_address>0xd25</load_address>
         <run_address>0xd25</run_address>
         <size>0x2a</size>
         <input_file_ref idref="fl-13d"/>
      </object_component>
      <object_component id="oc-f9">
         <name>.debug_line</name>
         <load_address>0xd4f</load_address>
         <run_address>0xd4f</run_address>
         <size>0x20</size>
         <input_file_ref idref="fl-13a"/>
      </object_component>
      <object_component id="oc-fb">
         <name>.debug_line</name>
         <load_address>0xd6f</load_address>
         <run_address>0xd6f</run_address>
         <size>0x20</size>
         <input_file_ref idref="fl-13c"/>
      </object_component>
      <object_component id="oc-fe">
         <name>.debug_line</name>
         <load_address>0xd8f</load_address>
         <run_address>0xd8f</run_address>
         <size>0x51</size>
         <input_file_ref idref="fl-5"/>
      </object_component>
      <object_component id="oc-100">
         <name>.debug_line</name>
         <load_address>0xde0</load_address>
         <run_address>0xde0</run_address>
         <size>0x51</size>
         <input_file_ref idref="fl-5"/>
      </object_component>
      <object_component id="oc-102">
         <name>.debug_line</name>
         <load_address>0xe31</load_address>
         <run_address>0xe31</run_address>
         <size>0x20</size>
         <input_file_ref idref="fl-5"/>
      </object_component>
      <object_component id="oc-104">
         <name>.debug_line</name>
         <load_address>0xe51</load_address>
         <run_address>0xe51</run_address>
         <size>0x51</size>
         <input_file_ref idref="fl-146"/>
      </object_component>
      <object_component id="oc-107">
         <name>.debug_line</name>
         <load_address>0xea2</load_address>
         <run_address>0xea2</run_address>
         <size>0x45</size>
         <input_file_ref idref="fl-146"/>
      </object_component>
      <object_component id="oc-10c">
         <name>.debug_line</name>
         <load_address>0xee7</load_address>
         <run_address>0xee7</run_address>
         <size>0x43</size>
         <input_file_ref idref="fl-8"/>
      </object_component>
      <object_component id="oc-111">
         <name>.debug_line</name>
         <load_address>0xf2a</load_address>
         <run_address>0xf2a</run_address>
         <size>0x6f</size>
         <input_file_ref idref="fl-14b"/>
      </object_component>
      <object_component id="oc-116">
         <name>.debug_line</name>
         <load_address>0xf99</load_address>
         <run_address>0xf99</run_address>
         <size>0x83</size>
         <input_file_ref idref="fl-14b"/>
      </object_component>
      <object_component id="oc-11b">
         <name>.debug_line</name>
         <load_address>0x101c</load_address>
         <run_address>0x101c</run_address>
         <size>0x6a</size>
         <input_file_ref idref="fl-14b"/>
      </object_component>
      <object_component id="oc-120">
         <name>.debug_line</name>
         <load_address>0x1086</load_address>
         <run_address>0x1086</run_address>
         <size>0x6a</size>
         <input_file_ref idref="fl-14b"/>
      </object_component>
      <object_component id="oc-127">
         <name>.debug_line</name>
         <load_address>0x10f0</load_address>
         <run_address>0x10f0</run_address>
         <size>0xa0</size>
         <input_file_ref idref="fl-5"/>
      </object_component>
      <object_component id="oc-12c">
         <name>.debug_line</name>
         <load_address>0x1190</load_address>
         <run_address>0x1190</run_address>
         <size>0x6a</size>
         <input_file_ref idref="fl-14b"/>
      </object_component>
      <object_component id="oc-131">
         <name>.debug_line</name>
         <load_address>0x11fa</load_address>
         <run_address>0x11fa</run_address>
         <size>0x7a</size>
         <input_file_ref idref="fl-14b"/>
      </object_component>
      <object_component id="oc-136">
         <name>.debug_line</name>
         <load_address>0x1274</load_address>
         <run_address>0x1274</run_address>
         <size>0x78</size>
         <input_file_ref idref="fl-14b"/>
      </object_component>
      <object_component id="oc-13c">
         <name>.debug_line</name>
         <load_address>0x12ec</load_address>
         <run_address>0x12ec</run_address>
         <size>0x20</size>
         <input_file_ref idref="fl-143"/>
      </object_component>
      <object_component id="oc-13e">
         <name>.debug_line</name>
         <load_address>0x130c</load_address>
         <run_address>0x130c</run_address>
         <size>0x43</size>
         <input_file_ref idref="fl-13d"/>
      </object_component>
      <object_component id="oc-141">
         <name>.debug_line</name>
         <load_address>0x134f</load_address>
         <run_address>0x134f</run_address>
         <size>0x6b</size>
         <input_file_ref idref="fl-147"/>
      </object_component>
      <object_component id="oc-146">
         <name>.debug_line</name>
         <load_address>0x13ba</load_address>
         <run_address>0x13ba</run_address>
         <size>0x69</size>
         <input_file_ref idref="fl-5"/>
      </object_component>
      <object_component id="oc-14c">
         <name>.debug_line</name>
         <load_address>0x1423</load_address>
         <run_address>0x1423</run_address>
         <size>0x5e</size>
         <input_file_ref idref="fl-147"/>
      </object_component>
      <object_component id="oc-155">
         <name>.debug_line</name>
         <load_address>0x1481</load_address>
         <run_address>0x1481</run_address>
         <size>0x6c</size>
         <input_file_ref idref="fl-142"/>
      </object_component>
      <object_component id="oc-15a">
         <name>.debug_line</name>
         <load_address>0x14ed</load_address>
         <run_address>0x14ed</run_address>
         <size>0x59</size>
         <input_file_ref idref="fl-2"/>
      </object_component>
      <object_component id="oc-161">
         <name>.debug_line</name>
         <load_address>0x1546</load_address>
         <run_address>0x1546</run_address>
         <size>0x20</size>
         <input_file_ref idref="fl-147"/>
      </object_component>
      <object_component id="oc-169">
         <name>.debug_line</name>
         <load_address>0x1566</load_address>
         <run_address>0x1566</run_address>
         <size>0x68</size>
         <input_file_ref idref="fl-5"/>
      </object_component>
      <object_component id="oc-16d">
         <name>.debug_line</name>
         <load_address>0x15ce</load_address>
         <run_address>0x15ce</run_address>
         <size>0x6e</size>
         <input_file_ref idref="fl-5"/>
      </object_component>
      <object_component id="oc-171">
         <name>.debug_line</name>
         <load_address>0x163c</load_address>
         <run_address>0x163c</run_address>
         <size>0x5b</size>
         <input_file_ref idref="fl-14b"/>
      </object_component>
      <object_component id="oc-175">
         <name>.debug_line</name>
         <load_address>0x1697</load_address>
         <run_address>0x1697</run_address>
         <size>0x5b</size>
         <input_file_ref idref="fl-147"/>
      </object_component>
      <object_component id="oc-179">
         <name>.debug_line</name>
         <load_address>0x16f2</load_address>
         <run_address>0x16f2</run_address>
         <size>0x52</size>
         <input_file_ref idref="fl-2"/>
      </object_component>
      <object_component id="oc-13">
         <name>.debug_aranges</name>
         <load_address>0x0</load_address>
         <run_address>0x0</run_address>
         <size>0x20</size>
         <input_file_ref idref="fl-139"/>
      </object_component>
      <object_component id="oc-17">
         <name>.debug_aranges</name>
         <load_address>0x20</load_address>
         <run_address>0x20</run_address>
         <size>0x20</size>
         <input_file_ref idref="fl-13a"/>
      </object_component>
      <object_component id="oc-1b">
         <name>.debug_aranges</name>
         <load_address>0x40</load_address>
         <run_address>0x40</run_address>
         <size>0x20</size>
         <input_file_ref idref="fl-13c"/>
      </object_component>
      <object_component id="oc-1f">
         <name>.debug_aranges</name>
         <load_address>0x60</load_address>
         <run_address>0x60</run_address>
         <size>0x20</size>
         <input_file_ref idref="fl-13b"/>
      </object_component>
      <object_component id="oc-24">
         <name>.debug_aranges</name>
         <load_address>0x80</load_address>
         <run_address>0x80</run_address>
         <size>0x20</size>
         <input_file_ref idref="fl-7"/>
      </object_component>
      <object_component id="oc-28">
         <name>.debug_aranges</name>
         <load_address>0xa0</load_address>
         <run_address>0xa0</run_address>
         <size>0x20</size>
         <input_file_ref idref="fl-7"/>
      </object_component>
      <object_component id="oc-2c">
         <name>.debug_aranges</name>
         <load_address>0xc0</load_address>
         <run_address>0xc0</run_address>
         <size>0x20</size>
         <input_file_ref idref="fl-7"/>
      </object_component>
      <object_component id="oc-30">
         <name>.debug_aranges</name>
         <load_address>0xe0</load_address>
         <run_address>0xe0</run_address>
         <size>0x20</size>
         <input_file_ref idref="fl-7"/>
      </object_component>
      <object_component id="oc-34">
         <name>.debug_aranges</name>
         <load_address>0x100</load_address>
         <run_address>0x100</run_address>
         <size>0x20</size>
         <input_file_ref idref="fl-8"/>
      </object_component>
      <object_component id="oc-38">
         <name>.debug_aranges</name>
         <load_address>0x120</load_address>
         <run_address>0x120</run_address>
         <size>0x20</size>
         <input_file_ref idref="fl-5"/>
      </object_component>
      <object_component id="oc-3f">
         <name>.debug_aranges</name>
         <load_address>0x140</load_address>
         <run_address>0x140</run_address>
         <size>0x28</size>
         <input_file_ref idref="fl-145"/>
      </object_component>
      <object_component id="oc-43">
         <name>.debug_aranges</name>
         <load_address>0x168</load_address>
         <run_address>0x168</run_address>
         <size>0x20</size>
         <input_file_ref idref="fl-144"/>
      </object_component>
      <object_component id="oc-47">
         <name>.debug_aranges</name>
         <load_address>0x188</load_address>
         <run_address>0x188</run_address>
         <size>0x30</size>
         <input_file_ref idref="fl-13d"/>
      </object_component>
      <object_component id="oc-4e">
         <name>.debug_aranges</name>
         <load_address>0x1b8</load_address>
         <run_address>0x1b8</run_address>
         <size>0x20</size>
         <input_file_ref idref="fl-13f"/>
      </object_component>
      <object_component id="oc-5e">
         <name>.debug_aranges</name>
         <load_address>0x1d8</load_address>
         <run_address>0x1d8</run_address>
         <size>0x20</size>
         <input_file_ref idref="fl-13b"/>
      </object_component>
      <object_component id="oc-6e">
         <name>.debug_aranges</name>
         <load_address>0x1f8</load_address>
         <run_address>0x1f8</run_address>
         <size>0x20</size>
         <input_file_ref idref="fl-5"/>
      </object_component>
      <object_component id="oc-72">
         <name>.debug_aranges</name>
         <load_address>0x218</load_address>
         <run_address>0x218</run_address>
         <size>0x20</size>
         <input_file_ref idref="fl-5"/>
      </object_component>
      <object_component id="oc-76">
         <name>.debug_aranges</name>
         <load_address>0x238</load_address>
         <run_address>0x238</run_address>
         <size>0x20</size>
         <input_file_ref idref="fl-5"/>
      </object_component>
      <object_component id="oc-7a">
         <name>.debug_aranges</name>
         <load_address>0x258</load_address>
         <run_address>0x258</run_address>
         <size>0x20</size>
         <input_file_ref idref="fl-5"/>
      </object_component>
      <object_component id="oc-91">
         <name>.debug_aranges</name>
         <load_address>0x278</load_address>
         <run_address>0x278</run_address>
         <size>0x20</size>
         <input_file_ref idref="fl-146"/>
      </object_component>
      <object_component id="oc-96">
         <name>.debug_aranges</name>
         <load_address>0x298</load_address>
         <run_address>0x298</run_address>
         <size>0x20</size>
         <input_file_ref idref="fl-8"/>
      </object_component>
      <object_component id="oc-dc">
         <name>.debug_aranges</name>
         <load_address>0x2b8</load_address>
         <run_address>0x2b8</run_address>
         <size>0x20</size>
         <input_file_ref idref="fl-8"/>
      </object_component>
      <object_component id="oc-e0">
         <name>.debug_aranges</name>
         <load_address>0x2d8</load_address>
         <run_address>0x2d8</run_address>
         <size>0x20</size>
         <input_file_ref idref="fl-a"/>
      </object_component>
      <object_component id="oc-e4">
         <name>.debug_aranges</name>
         <load_address>0x2f8</load_address>
         <run_address>0x2f8</run_address>
         <size>0x20</size>
         <input_file_ref idref="fl-9"/>
      </object_component>
      <object_component id="oc-e8">
         <name>.debug_aranges</name>
         <load_address>0x318</load_address>
         <run_address>0x318</run_address>
         <size>0x20</size>
         <input_file_ref idref="fl-5"/>
      </object_component>
      <object_component id="oc-ec">
         <name>.debug_aranges</name>
         <load_address>0x338</load_address>
         <run_address>0x338</run_address>
         <size>0x20</size>
         <input_file_ref idref="fl-a"/>
      </object_component>
      <object_component id="oc-f1">
         <name>.debug_aranges</name>
         <load_address>0x358</load_address>
         <run_address>0x358</run_address>
         <size>0x30</size>
         <input_file_ref idref="fl-143"/>
      </object_component>
      <object_component id="oc-10d">
         <name>.debug_aranges</name>
         <load_address>0x388</load_address>
         <run_address>0x388</run_address>
         <size>0x20</size>
         <input_file_ref idref="fl-8"/>
      </object_component>
      <object_component id="oc-113">
         <name>.debug_aranges</name>
         <load_address>0x3a8</load_address>
         <run_address>0x3a8</run_address>
         <size>0x20</size>
         <input_file_ref idref="fl-14b"/>
      </object_component>
      <object_component id="oc-118">
         <name>.debug_aranges</name>
         <load_address>0x3c8</load_address>
         <run_address>0x3c8</run_address>
         <size>0x20</size>
         <input_file_ref idref="fl-14b"/>
      </object_component>
      <object_component id="oc-11d">
         <name>.debug_aranges</name>
         <load_address>0x3e8</load_address>
         <run_address>0x3e8</run_address>
         <size>0x20</size>
         <input_file_ref idref="fl-14b"/>
      </object_component>
      <object_component id="oc-122">
         <name>.debug_aranges</name>
         <load_address>0x408</load_address>
         <run_address>0x408</run_address>
         <size>0x20</size>
         <input_file_ref idref="fl-14b"/>
      </object_component>
      <object_component id="oc-128">
         <name>.debug_aranges</name>
         <load_address>0x428</load_address>
         <run_address>0x428</run_address>
         <size>0x20</size>
         <input_file_ref idref="fl-5"/>
      </object_component>
      <object_component id="oc-12e">
         <name>.debug_aranges</name>
         <load_address>0x448</load_address>
         <run_address>0x448</run_address>
         <size>0x20</size>
         <input_file_ref idref="fl-14b"/>
      </object_component>
      <object_component id="oc-133">
         <name>.debug_aranges</name>
         <load_address>0x468</load_address>
         <run_address>0x468</run_address>
         <size>0x20</size>
         <input_file_ref idref="fl-14b"/>
      </object_component>
      <object_component id="oc-138">
         <name>.debug_aranges</name>
         <load_address>0x488</load_address>
         <run_address>0x488</run_address>
         <size>0x20</size>
         <input_file_ref idref="fl-14b"/>
      </object_component>
      <object_component id="oc-143">
         <name>.debug_aranges</name>
         <load_address>0x4a8</load_address>
         <run_address>0x4a8</run_address>
         <size>0x20</size>
         <input_file_ref idref="fl-147"/>
      </object_component>
      <object_component id="oc-147">
         <name>.debug_aranges</name>
         <load_address>0x4c8</load_address>
         <run_address>0x4c8</run_address>
         <size>0x20</size>
         <input_file_ref idref="fl-5"/>
      </object_component>
      <object_component id="oc-156">
         <name>.debug_aranges</name>
         <load_address>0x4e8</load_address>
         <run_address>0x4e8</run_address>
         <size>0x28</size>
         <input_file_ref idref="fl-142"/>
      </object_component>
      <object_component id="oc-16a">
         <name>.debug_aranges</name>
         <load_address>0x510</load_address>
         <run_address>0x510</run_address>
         <size>0x20</size>
         <input_file_ref idref="fl-5"/>
      </object_component>
      <object_component id="oc-16e">
         <name>.debug_aranges</name>
         <load_address>0x530</load_address>
         <run_address>0x530</run_address>
         <size>0x20</size>
         <input_file_ref idref="fl-5"/>
      </object_component>
      <object_component id="oc-39">
         <name>.debug_abbrev</name>
         <load_address>0x0</load_address>
         <run_address>0x0</run_address>
         <size>0x29</size>
         <input_file_ref idref="fl-7"/>
      </object_component>
      <object_component id="oc-4a">
         <name>.debug_abbrev</name>
         <load_address>0x29</load_address>
         <run_address>0x29</run_address>
         <size>0x40</size>
         <input_file_ref idref="fl-139"/>
      </object_component>
      <object_component id="oc-4f">
         <name>.debug_abbrev</name>
         <load_address>0x69</load_address>
         <run_address>0x69</run_address>
         <size>0x6b</size>
         <input_file_ref idref="fl-13a"/>
      </object_component>
      <object_component id="oc-51">
         <name>.debug_abbrev</name>
         <load_address>0xd4</load_address>
         <run_address>0xd4</run_address>
         <size>0x24</size>
         <input_file_ref idref="fl-13a"/>
      </object_component>
      <object_component id="oc-55">
         <name>.debug_abbrev</name>
         <load_address>0xf8</load_address>
         <run_address>0xf8</run_address>
         <size>0x85</size>
         <input_file_ref idref="fl-13c"/>
      </object_component>
      <object_component id="oc-57">
         <name>.debug_abbrev</name>
         <load_address>0x17d</load_address>
         <run_address>0x17d</run_address>
         <size>0x24</size>
         <input_file_ref idref="fl-13c"/>
      </object_component>
      <object_component id="oc-5f">
         <name>.debug_abbrev</name>
         <load_address>0x1a1</load_address>
         <run_address>0x1a1</run_address>
         <size>0x6b</size>
         <input_file_ref idref="fl-13b"/>
      </object_component>
      <object_component id="oc-62">
         <name>.debug_abbrev</name>
         <load_address>0x20c</load_address>
         <run_address>0x20c</run_address>
         <size>0x24</size>
         <input_file_ref idref="fl-13b"/>
      </object_component>
      <object_component id="oc-66">
         <name>.debug_abbrev</name>
         <load_address>0x230</load_address>
         <run_address>0x230</run_address>
         <size>0x55</size>
         <input_file_ref idref="fl-7"/>
      </object_component>
      <object_component id="oc-67">
         <name>.debug_abbrev</name>
         <load_address>0x285</load_address>
         <run_address>0x285</run_address>
         <size>0x66</size>
         <input_file_ref idref="fl-7"/>
      </object_component>
      <object_component id="oc-68">
         <name>.debug_abbrev</name>
         <load_address>0x2eb</load_address>
         <run_address>0x2eb</run_address>
         <size>0x66</size>
         <input_file_ref idref="fl-7"/>
      </object_component>
      <object_component id="oc-69">
         <name>.debug_abbrev</name>
         <load_address>0x351</load_address>
         <run_address>0x351</run_address>
         <size>0x66</size>
         <input_file_ref idref="fl-7"/>
      </object_component>
      <object_component id="oc-6a">
         <name>.debug_abbrev</name>
         <load_address>0x3b7</load_address>
         <run_address>0x3b7</run_address>
         <size>0x55</size>
         <input_file_ref idref="fl-8"/>
      </object_component>
      <object_component id="oc-81">
         <name>.debug_abbrev</name>
         <load_address>0x40c</load_address>
         <run_address>0x40c</run_address>
         <size>0x91</size>
         <input_file_ref idref="fl-5"/>
      </object_component>
      <object_component id="oc-82">
         <name>.debug_abbrev</name>
         <load_address>0x49d</load_address>
         <run_address>0x49d</run_address>
         <size>0x71</size>
         <input_file_ref idref="fl-7"/>
      </object_component>
      <object_component id="oc-85">
         <name>.debug_abbrev</name>
         <load_address>0x50e</load_address>
         <run_address>0x50e</run_address>
         <size>0x23</size>
         <input_file_ref idref="fl-7"/>
      </object_component>
      <object_component id="oc-8a">
         <name>.debug_abbrev</name>
         <load_address>0x531</load_address>
         <run_address>0x531</run_address>
         <size>0x35</size>
         <input_file_ref idref="fl-2"/>
      </object_component>
      <object_component id="oc-92">
         <name>.debug_abbrev</name>
         <load_address>0x566</load_address>
         <run_address>0x566</run_address>
         <size>0x86</size>
         <input_file_ref idref="fl-145"/>
      </object_component>
      <object_component id="oc-97">
         <name>.debug_abbrev</name>
         <load_address>0x5ec</load_address>
         <run_address>0x5ec</run_address>
         <size>0x5f</size>
         <input_file_ref idref="fl-144"/>
      </object_component>
      <object_component id="oc-99">
         <name>.debug_abbrev</name>
         <load_address>0x64b</load_address>
         <run_address>0x64b</run_address>
         <size>0x23</size>
         <input_file_ref idref="fl-144"/>
      </object_component>
      <object_component id="oc-a1">
         <name>.debug_abbrev</name>
         <load_address>0x66e</load_address>
         <run_address>0x66e</run_address>
         <size>0xd5</size>
         <input_file_ref idref="fl-13d"/>
      </object_component>
      <object_component id="oc-a3">
         <name>.debug_abbrev</name>
         <load_address>0x743</load_address>
         <run_address>0x743</run_address>
         <size>0x23</size>
         <input_file_ref idref="fl-13a"/>
      </object_component>
      <object_component id="oc-a7">
         <name>.debug_abbrev</name>
         <load_address>0x766</load_address>
         <run_address>0x766</run_address>
         <size>0x27</size>
         <input_file_ref idref="fl-140"/>
      </object_component>
      <object_component id="oc-aa">
         <name>.debug_abbrev</name>
         <load_address>0x78d</load_address>
         <run_address>0x78d</run_address>
         <size>0x1a</size>
         <input_file_ref idref="fl-140"/>
      </object_component>
      <object_component id="oc-ae">
         <name>.debug_abbrev</name>
         <load_address>0x7a7</load_address>
         <run_address>0x7a7</run_address>
         <size>0x40</size>
         <input_file_ref idref="fl-13f"/>
      </object_component>
      <object_component id="oc-b0">
         <name>.debug_abbrev</name>
         <load_address>0x7e7</load_address>
         <run_address>0x7e7</run_address>
         <size>0x24</size>
         <input_file_ref idref="fl-13a"/>
      </object_component>
      <object_component id="oc-b6">
         <name>.debug_abbrev</name>
         <load_address>0x80b</load_address>
         <run_address>0x80b</run_address>
         <size>0x24</size>
         <input_file_ref idref="fl-13b"/>
      </object_component>
      <object_component id="oc-bb">
         <name>.debug_abbrev</name>
         <load_address>0x82f</load_address>
         <run_address>0x82f</run_address>
         <size>0x83</size>
         <input_file_ref idref="fl-13b"/>
      </object_component>
      <object_component id="oc-bd">
         <name>.debug_abbrev</name>
         <load_address>0x8b2</load_address>
         <run_address>0x8b2</run_address>
         <size>0x1c</size>
         <input_file_ref idref="fl-13b"/>
      </object_component>
      <object_component id="oc-c1">
         <name>.debug_abbrev</name>
         <load_address>0x8ce</load_address>
         <run_address>0x8ce</run_address>
         <size>0x2c</size>
         <input_file_ref idref="fl-13b"/>
      </object_component>
[...]
            <object_component_ref idref="oc-aa"/>
            <object_component_ref idref="oc-ae"/>
            <object_component_ref idref="oc-b0"/>
            <object_component_ref idref="oc-b6"/>
            <object_component_ref idref="oc-bb"/>
            <object_component_ref idref="oc-bd"/>
            <object_component_ref idref="oc-c1"/>
            <object_component_ref idref="oc-c7"/>
            <object_component_ref idref="oc-c8"/>
            <object_component_ref idref="oc-ca"/>
            <object_component_ref idref="oc-cf"/>
            <object_component_ref idref="oc-d0"/>
            <object_component_ref idref="oc-d1"/>
            <object_component_ref idref="oc-d3"/>
            <object_component_ref idref="oc-d5"/>
            <object_component_ref idref="oc-d7"/>
            <object_component_ref idref="oc-ed"/>
            <object_component_ref idref="oc-f2"/>
            <object_component_ref idref="oc-f5"/>
            <object_component_ref idref="oc-f8"/>
            <object_component_ref idref="oc-fa"/>
            <object_component_ref idref="oc-fd"/>
            <object_component_ref idref="oc-ff"/>
            <object_component_ref idref="oc-101"/>
            <object_component_ref idref="oc-103"/>
            <object_component_ref idref="oc-106"/>
            <object_component_ref idref="oc-10e"/>
            <object_component_ref idref="oc-123"/>
            <object_component_ref idref="oc-124"/>
            <object_component_ref idref="oc-129"/>
            <object_component_ref idref="oc-139"/>
            <object_component_ref idref="oc-13a"/>
            <object_component_ref idref="oc-13b"/>
            <object_component_ref idref="oc-13d"/>
            <object_component_ref idref="oc-148"/>
            <object_component_ref idref="oc-149"/>
            <object_component_ref idref="oc-14b"/>
            <object_component_ref idref="oc-150"/>
            <object_component_ref idref="oc-151"/>
            <object_component_ref idref="oc-152"/>
            <object_component_ref idref="oc-157"/>
            <object_component_ref idref="oc-159"/>
            <object_component_ref idref="oc-15d"/>
            <object_component_ref idref="oc-15e"/>
            <object_component_ref idref="oc-160"/>
            <object_component_ref idref="oc-164"/>
            <object_component_ref idref="oc-165"/>
            <object_component_ref idref="oc-16f"/>
            <object_component_ref idref="oc-170"/>
            <object_component_ref idref="oc-172"/>
            <object_component_ref idref="oc-174"/>
            <object_component_ref idref="oc-176"/>
            <object_component_ref idref="oc-177"/>
            <object_component_ref idref="oc-178"/>
            <object_component_ref idref="oc-19a"/>
         </contents>
      </logical_group>
      <logical_group id="lg-18e">
         <name>.debug_str</name>
         <load_address>0x0</load_address>
         <run_address>0x0</run_address>
         <size>0x10b9</size>
         <contents>
            <object_component_ref idref="oc-53"/>
            <object_component_ref idref="oc-59"/>
            <object_component_ref idref="oc-64"/>
            <object_component_ref idref="oc-87"/>
            <object_component_ref idref="oc-8c"/>
            <object_component_ref idref="oc-9b"/>
            <object_component_ref idref="oc-a5"/>
            <object_component_ref idref="oc-ac"/>
            <object_component_ref idref="oc-b2"/>
            <object_component_ref idref="oc-b8"/>
            <object_component_ref idref="oc-bf"/>
            <object_component_ref idref="oc-cc"/>
            <object_component_ref idref="oc-108"/>
            <object_component_ref idref="oc-14d"/>
            <object_component_ref idref="oc-15b"/>
            <object_component_ref idref="oc-162"/>
         </contents>
      </logical_group>
      <logical_group id="lg-190">
         <name>.debug_pubtypes</name>
         <load_address>0x0</load_address>
         <run_address>0x0</run_address>
         <size>0xbbe</size>
         <contents>
            <object_component_ref idref="oc-54"/>
            <object_component_ref idref="oc-5a"/>
            <object_component_ref idref="oc-65"/>
            <object_component_ref idref="oc-88"/>
            <object_component_ref idref="oc-8d"/>
            <object_component_ref idref="oc-9c"/>
            <object_component_ref idref="oc-a6"/>
            <object_component_ref idref="oc-ad"/>
            <object_component_ref idref="oc-b3"/>
            <object_component_ref idref="oc-b9"/>
            <object_component_ref idref="oc-c0"/>
            <object_component_ref idref="oc-cd"/>
            <object_component_ref idref="oc-109"/>
            <object_component_ref idref="oc-14e"/>
            <object_component_ref idref="oc-15c"/>
            <object_component_ref idref="oc-163"/>
         </contents>
      </logical_group>
      <logical_group id="lg-192">
         <name>.debug_frame</name>
         <load_address>0x0</load_address>
         <run_address>0x0</run_address>
         <size>0x410</size>
         <contents>
            <object_component_ref idref="oc-112"/>
            <object_component_ref idref="oc-117"/>
            <object_component_ref idref="oc-11c"/>
            <object_component_ref idref="oc-121"/>
            <object_component_ref idref="oc-12d"/>
            <object_component_ref idref="oc-132"/>
            <object_component_ref idref="oc-137"/>
            <object_component_ref idref="oc-142"/>
         </contents>
      </logical_group>
      <load_segment id="lg-19e">
         <name>SEGMENT_0</name>
         <load_address>0x0</load_address>
         <run_address>0x0</run_address>
         <size>0xe50</size>
         <flags>0x5</flags>
         <contents>
            <logical_group_ref idref="lg-3"/>
            <logical_group_ref idref="lg-4"/>
            <logical_group_ref idref="lg-5"/>
            <logical_group_ref idref="lg-6"/>
         </contents>
      </load_segment>
      <load_segment id="lg-19f">
         <name>SEGMENT_1</name>
         <run_address>0x20000000</run_address>
         <size>0xc88</size>
         <flags>0x6</flags>
         <contents>
            <logical_group_ref idref="lg-d"/>
            <logical_group_ref idref="lg-b"/>
         </contents>
      </load_segment>
      <load_segment id="lg-1a0">
         <name>SEGMENT_2</name>
         <load_address>0x20000c88</load_address>
         <run_address>0x20000c88</run_address>
         <size>0x2c</size>
         <flags>0x6</flags>
         <contents>
            <logical_group_ref idref="lg-a"/>
         </contents>
      </load_segment>
   </logical_group_list>
   <placement_map>
      <memory_area>
         <name>FLASH</name>
         <page_id>0x0</page_id>
         <origin>0x0</origin>
         <length>0x40000</length>
         <used_space>0xe49</used_space>
         <unused_space>0x3f1b7</unused_space>
         <attributes>RX</attributes>
         <usage_details>
            <allocated_space>
               <start_address>0x0</start_address>
               <size>0x26c</size>
               <logical_group_ref idref="lg-3"/>
            </allocated_space>
            <allocated_space>
               <start_address>0x26c</start_address>
               <size>0xb6c</size>
               <logical_group_ref idref="lg-4"/>
            </allocated_space>
            <allocated_space>
               <start_address>0xdd8</start_address>
               <size>0x39</size>
               <logical_group_ref idref="lg-5"/>
            </allocated_space>
            <available_space>
               <start_address>0xe11</start_address>
               <size>0x7</size>
            </available_space>
            <allocated_space>
               <start_address>0xe18</start_address>
               <size>0x38</size>
               <logical_group_ref idref="lg-6"/>
            </allocated_space>
            <available_space>
               <start_address>0xe50</start_address>
               <size>0x3f1b0</size>
            </available_space>
         </usage_details>
      </memory_area>
      <memory_area>
         <name>SRAM</name>
         <page_id>0x0</page_id>
         <origin>0x20000000</origin>
         <length>0x8000</length>
         <used_space>0xcb4</used_space>
         <unused_space>0x734c</unused_space>
         <attributes>RWX</attributes>
         <usage_details>
            <allocated_space>
               <start_address>0x20000000</start_address>
               <size>0x800</size>
               <logical_group_ref idref="lg-d"/>
            </allocated_space>
            <allocated_space>
               <start_address>0x20000800</start_address>
               <size>0x488</size>
               <logical_group_ref idref="lg-b"/>
            </allocated_space>
            <allocated_space>
               <start_address>0x20000c88</start_address>
               <size>0x2c</size>
               <logical_group_ref idref="lg-a"/>
            </allocated_space>
            <available_space>
               <start_address>0x20000cb4</start_address>
               <size>0x734c</size>
            </available_space>
         </usage_details>
      </memory_area>
   </placement_map>
   <cptbl_list>
      <cptbl>
         <name>__TI_cinit_table</name>
         <cprec>
            <name>.data</name>
            <load_address>0xe18</load_address>
            <load_size>0x12</load_size>
            <run_address>0x20000c88</run_address>
            <run_size>0x2c</run_size>
            <compression>rle</compression>
         </cprec>
         <cprec>
            <name>.bss</name>
            <load_address>0xe38</load_address>
            <load_size>0x8</load_size>
            <run_address>0x20000800</run_address>
            <run_size>0x488</run_size>
            <compression>zero_init</compression>
         </cprec>
      </cptbl>
   </cptbl_list>
   <handler_table>
      <handler_table_name>__TI_handler_table</handler_table_name>
      <handler>
         <index>0x0</index>
         <name>__TI_decompress_rle24</name>
      </handler>
      <handler>
         <index>0x1</index>
         <name>__TI_decompress_none</name>
      </handler>
      <handler>
         <index>0x2</index>
         <name>__TI_zero_init</name>
      </handler>
   </handler_table>
   <symbol_table>
      <symbol id="sm-1">
         <name>__STACK_TOP</name>
         <value>0x20000800</value>
      </symbol>
      <symbol id="sm-2">
         <name>__TI_CINIT_Base</name>
         <value>0xe40</value>
      </symbol>
      <symbol id="sm-3">
         <name>__TI_CINIT_Limit</name>
         <value>0xe50</value>
      </symbol>
      <symbol id="sm-4">
         <name>__TI_Handler_Table_Base</name>
         <value>0xe2c</value>
      </symbol>
      <symbol id="sm-5">
         <name>__TI_Handler_Table_Limit</name>
         <value>0xe38</value>
      </symbol>
      <symbol id="sm-6">
         <name>binit</name>
         <value>0xffffffff</value>
      </symbol>
      <symbol id="sm-7">
         <name>__binit__</name>
         <value>0xffffffff</value>
      </symbol>
      <symbol id="sm-8">
         <name>__STACK_SIZE</name>
         <value>0x800</value>
      </symbol>
      <symbol id="sm-9">
         <name>__STACK_END</name>
         <value>0x20000800</value>
      </symbol>
      <symbol id="sm-a">
         <name>__c_args__</name>
         <value>0xffffffff</value>
      </symbol>
      <symbol id="sm-103">
         <name>UARTFlushRx</name>
         <value>0xca1</value>
         <object_component_ref idref="oc-167"/>
      </symbol>
      <symbol id="sm-104">
         <name>UARTFlushTx</name>
         <value>0xbd1</value>
         <object_component_ref idref="oc-16b"/>
      </symbol>
      <symbol id="sm-105">
         <name>UARTStdioConfig</name>
         <value>0x651</value>
         <object_component_ref idref="oc-144"/>
      </symbol>
      <symbol id="sm-106">
         <name>UARTStdioIntHandler</name>
         <value>0x459</value>
         <object_component_ref idref="oc-35"/>
      </symbol>
      <symbol id="sm-107">
         <name>UARTwrite</name>
         <value>0x5a9</value>
         <object_component_ref idref="oc-73"/>
      </symbol>
      <symbol id="sm-108">
         <name>UARTprintf</name>
         <value>0xd23</value>
         <object_component_ref idref="oc-e5"/>
      </symbol>
      <symbol id="sm-109">
         <name>UARTvprintf</name>
         <value>0x26d</value>
         <object_component_ref idref="oc-125"/>
      </symbol>
      <symbol id="sm-137">
         <name>ResetISR</name>
         <value>0xdc7</value>
         <object_component_ref idref="oc-21"/>
      </symbol>
      <symbol id="sm-138">
         <name>g_pfnVectors</name>
         <value>0x0</value>
         <object_component_ref idref="oc-e"/>
      </symbol>
      <symbol id="sm-162">
         <name>bootUp</name>
         <value>0xc0d</value>
         <object_component_ref idref="oc-d9"/>
      </symbol>
      <symbol id="sm-163">
         <name>SysTickIntHandler</name>
         <value>0xc9f</value>
         <object_component_ref idref="oc-31"/>
      </symbol>
      <symbol id="sm-164">
         <name>configureUART</name>
         <value>0x979</value>
         <object_component_ref idref="oc-10a"/>
      </symbol>
      <symbol id="sm-165">
         <name>main</name>
         <value>0x9d5</value>
         <object_component_ref idref="oc-93"/>
      </symbol>
      <symbol id="sm-170">
         <name>ledSetColour</name>
         <value>0xced</value>
         <object_component_ref idref="oc-e1"/>
      </symbol>
      <symbol id="sm-186">
         <name>setupADC</name>
         <value>0xac1</value>
         <object_component_ref idref="oc-dd"/>
      </symbol>
      <symbol id="sm-187">
         <name>getTempFromInternal</name>
         <value>0xa2d</value>
         <object_component_ref idref="oc-e9"/>
      </symbol>
      <symbol id="sm-196">
         <name>_c_int00</name>
         <value>0xa79</value>
         <object_component_ref idref="oc-10"/>
      </symbol>
      <symbol id="sm-197">
         <name>__stack</name>
         <value>0x20000000</value>
         <object_component_ref idref="oc-20"/>
      </symbol>
      <symbol id="sm-1b1">
         <name>__TI_decompress_none</name>
         <value>0xdaf</value>
         <object_component_ref idref="oc-14"/>
      </symbol>
      <symbol id="sm-1db">
         <name>__TI_decompress_rle24</name>
         <value>0xdd3</value>
         <object_component_ref idref="oc-1c"/>
      </symbol>
      <symbol id="sm-1ed">
         <name>__TI_zero_init</name>
         <value>0xd81</value>
         <object_component_ref idref="oc-18"/>
      </symbol>
      <symbol id="sm-208">
         <name>C$$EXIT</name>
         <value>0xb91</value>
         <object_component_ref idref="oc-44"/>
      </symbol>
      <symbol id="sm-209">
         <name>_dtors_ptr</name>
         <value>0x20000cac</value>
         <object_component_ref idref="oc-9f"/>
      </symbol>
      <symbol id="sm-20a">
         <name>abort</name>
         <value>0xb95</value>
         <object_component_ref idref="oc-44"/>
      </symbol>
      <symbol id="sm-20b">
         <name>_cleanup_ptr</name>
         <value>0x20000ca8</value>
         <object_component_ref idref="oc-9f"/>
      </symbol>
      <symbol id="sm-20c">
         <name>exit</name>
         <value>0xb9d</value>
         <object_component_ref idref="oc-44"/>
      </symbol>
      <symbol id="sm-222">
         <name>memcpy</name>
         <value>0x6f5</value>
         <object_component_ref idref="oc-4b"/>
      </symbol>
      <symbol id="sm-223">
         <name>__aeabi_memcpy</name>
         <value>0x6f5</value>
         <object_component_ref idref="oc-4b"/>
      </symbol>
      <symbol id="sm-224">
         <name>__aeabi_memcpy8</name>
         <value>0x6f5</value>
         <object_component_ref idref="oc-4b"/>
      </symbol>
      <symbol id="sm-225">
         <name>__aeabi_memcpy4</name>
         <value>0x6f5</value>
         <object_component_ref idref="oc-4b"/>
      </symbol>
      <symbol id="sm-231">
         <name>main_func_sp</name>
         <value>0x20000cb0</value>
         <object_component_ref idref="oc-48"/>
      </symbol>
      <symbol id="sm-240">
         <name>__aeabi_uidivmod</name>
         <value>0xb4d</value>
         <object_component_ref idref="oc-153"/>
      </symbol>
      <symbol id="sm-255">
         <name>_nop</name>
         <value>0xd7b</value>
         <object_component_ref idref="oc-ee"/>
      </symbol>
      <symbol id="sm-256">
         <name>_lock</name>
         <value>0x20000ca0</value>
         <object_component_ref idref="oc-9d"/>
      </symbol>
      <symbol id="sm-257">
         <name>_unlock</name>
         <value>0x20000ca4</value>
         <object_component_ref idref="oc-9d"/>
      </symbol>
      <symbol id="sm-258">
         <name>_register_lock</name>
         <value>0xd73</value>
         <object_component_ref idref="oc-ee"/>
      </symbol>
      <symbol id="sm-259">
         <name>_register_unlock</name>
         <value>0xd6d</value>
         <object_component_ref idref="oc-ee"/>
      </symbol>
      <symbol id="sm-268">
         <name>_args_main</name>
         <value>0xd3d</value>
         <object_component_ref idref="oc-40"/>
      </symbol>
      <symbol id="sm-282">
         <name>__TI_auto_init</name>
         <value>0x791</value>
         <object_component_ref idref="oc-3c"/>
      </symbol>
      <symbol id="sm-299">
         <name>copy_in</name>
         <value>0xb09</value>
         <object_component_ref idref="oc-8e"/>
      </symbol>
      <symbol id="sm-2af">
         <name>UARTClockSourceSet</name>
         <value>0xdcd</value>
         <object_component_ref idref="oc-13f"/>
      </symbol>
      <symbol id="sm-2f5">
         <name>ADCProcessorTrigger</name>
         <value>0xd55</value>
         <object_component_ref idref="oc-12a"/>
      </symbol>
      <symbol id="sm-2f6">
         <name>ADCSequenceEnable</name>
         <value>0xd93</value>
         <object_component_ref idref="oc-119"/>
      </symbol>
      <symbol id="sm-2f7">
         <name>ADCSequenceConfigure</name>
         <value>0xc73</value>
         <object_component_ref idref="oc-10f"/>
      </symbol>
      <symbol id="sm-2f8">
         <name>ADCSequenceStepConfigure</name>
         <value>0x8a9</value>
         <object_component_ref idref="oc-114"/>
      </symbol>
      <symbol id="sm-2f9">
         <name>ADCIntClear</name>
         <value>0xdbd</value>
         <object_component_ref idref="oc-11e"/>
      </symbol>
      <symbol id="sm-2fa">
         <name>ADCIntStatus</name>
         <value>0xc45</value>
         <object_component_ref idref="oc-12f"/>
      </symbol>
      <symbol id="sm-2fb">
         <name>ADCSequenceDataGet</name>
         <value>0xccd</value>
         <object_component_ref idref="oc-134"/>
      </symbol>
      <symbol id="sm-2fc">
         <name>__TI_static_base__</name>
         <value>0x0</value>
      </symbol>
      <symbol id="sm-2fd">
         <name>__TI_args_main</name>
         <value>0x1</value>
      </symbol>
      <symbol id="sm-2fe">
         <name>SHT$$INIT_ARRAY$$Limit</name>
         <value>0x0</value>
      </symbol>
      <symbol id="sm-2ff">
         <name>SHT$$INIT_ARRAY$$Base</name>
         <value>0x0</value>
      </symbol>
   </symbol_table>
</link_info>
