******************************************************************************
                  TI ARM Linker PC v5.0.4                      
******************************************************************************
>> Linked Wed Feb 25 07:37:41 2015

OUTPUT FILE NAME:   <base.out>
ENTRY POINT SYMBOL: "_c_int00"  address: 00000a79


MEMORY CONFIGURATION

         name            origin    length      used     unused   attr    fill
----------------------  --------  ---------  --------  --------  ----  --------
  FLASH                 00000000   00040000  00000e49  0003f1b7  R  X
  SRAM                  20000000   00008000  00000cb4  0000734c  RW X


SEGMENT ALLOCATION MAP

run origin  load origin   length   init length attrs members
----------  ----------- ---------- ----------- ----- -------
00000000    00000000    00000e50   00000e50    r-x
  00000000    00000000    0000026c   0000026c    r-- .intvecs
  0000026c    0000026c    00000b6c   00000b6c    r-x .text
  00000dd8    00000dd8    00000039   00000039    r-- .const
  00000e18    00000e18    00000038   00000038    r-- .cinit
20000000    20000000    00000c88   00000000    rw-
  20000000    20000000    00000800   00000000    rw- .stack
  20000800    20000800    00000488   00000000    rw- .bss
20000c88    20000c88    0000002c   0000002c    rw-
  20000c88    20000c88    0000002c   0000002c    rw- .data


SECTION ALLOCATION MAP

 output                                  attributes/
section   page    origin      length       input sections
--------  ----  ----------  ----------   ----------------
.intvecs   0    00000000    0000026c     
                  00000000    0000026c     startup_ccs.obj (.intvecs)

.init_array 
*          0    00000000    00000000     UNINITIALIZED

.text      0    0000026c    00000b6c     
                  0000026c    000001ea     uartstdio.obj (.text:UARTvprintf)
                  00000456    00000002     startup_ccs.obj (.text:FaultISR)
                  00000458    00000150     uartstdio.obj (.text:UARTStdioIntHandler)
                  000005a8    000000a8     uartstdio.obj (.text:UARTwrite)
                  00000650    000000a4     uartstdio.obj (.text:UARTStdioConfig)
                  000006f4    0000009c     rtsv7M4_T_le_v4SPD16_eabi.lib : memcpy_t2.obj (.text)
                  00000790    00000094                                   : auto_init.obj (.text)
                  00000824    00000084     uartstdio.obj (.text:UARTPrimeTransmit)
                  000008a8    00000070     driverlib.lib : adc.obj (.text:ADCSequenceStepConfigure)
                  00000918    0000005e     rtsv7M4_T_le_v4SPD16_eabi.lib : copy_decompress_rle.obj (.text)
                  00000976    00000002     startup_ccs.obj (.text:IntDefaultHandler)
                  00000978    0000005c     main.obj (.text:configureUART)
                  000009d4    00000058     main.obj (.text:main)
                  00000a2c    0000004c     adc.obj (.text:getTempFromInternal)
                  00000a78    00000048     rtsv7M4_T_le_v4SPD16_eabi.lib : boot.obj (.text)
                  00000ac0    00000048     adc.obj (.text:setupADC)
                  00000b08    00000044     rtsv7M4_T_le_v4SPD16_eabi.lib : cpy_tbl.obj (.text)
                  00000b4c    00000042                                   : u_divt2.obj (.text)
                  00000b8e    00000002     startup_ccs.obj (.text:NmiSR)
                  00000b90    00000040     rtsv7M4_T_le_v4SPD16_eabi.lib : exit.obj (.text)
                  00000bd0    0000003c     uartstdio.obj (.text:UARTFlushTx)
                  00000c0c    00000038     main.obj (.text:bootUp)
                  00000c44    0000002e     driverlib.lib : adc.obj (.text:ADCIntStatus)
                  00000c72    0000002c                   : adc.obj (.text:ADCSequenceConfigure)
                  00000c9e    00000002     main.obj (.text:SysTickIntHandler)
                  00000ca0    0000002c     uartstdio.obj (.text:UARTFlushRx)
                  00000ccc    0000001e     driverlib.lib : adc.obj (.text:ADCSequenceDataGet)
                  00000cea    00000002     --HOLE-- [fill = 0]
                  00000cec    0000001c     led.obj (.text:ledSetColour)
                  00000d08    0000001a     uartstdio.obj (.text:IsBufferFull)
                  00000d22    0000001a     uartstdio.obj (.text:UARTprintf)
                  00000d3c    00000018     rtsv7M4_T_le_v4SPD16_eabi.lib : args_main.obj (.text)
                  00000d54    00000016     driverlib.lib : adc.obj (.text:ADCProcessorTrigger)
                  00000d6a    00000002     --HOLE-- [fill = 0]
                  00000d6c    00000014     rtsv7M4_T_le_v4SPD16_eabi.lib : _lock.obj (.text)
                  00000d80    00000012                                   : copy_zero_init.obj (.text:decompress:ZI)
                  00000d92    0000000e     driverlib.lib : adc.obj (.text:ADCSequenceEnable)
                  00000da0    0000000e     uartstdio.obj (.text:IsBufferEmpty)
                  00000dae    0000000e     rtsv7M4_T_le_v4SPD16_eabi.lib : copy_decompress_none.obj (.text:decompress:none)
                  00000dbc    0000000a     driverlib.lib : adc.obj (.text:ADCIntClear)
                  00000dc6    00000006     startup_ccs.obj (.text:ResetISR)
                  00000dcc    00000006     driverlib.lib : uart.obj (.text:UARTClockSourceSet)
                  00000dd2    00000006     rtsv7M4_T_le_v4SPD16_eabi.lib : copy_decompress_rle.obj (.text:decompress:rle24)

.const     0    00000dd8    00000039     
                  00000dd8    00000028     uartstdio.obj (.const)
                  00000e00    00000011     uartstdio.obj (.const:.string)

.cinit     0    00000e18    00000038     
                  00000e18    00000012     (.cinit..data.load) [load image, compression = rle]
                  00000e2a    00000002     --HOLE-- [fill = 0]
                  00000e2c    0000000c     (__TI_handler_table)
                  00000e38    00000008     (.cinit..bss.load) [load image, compression = zero_init]
                  00000e40    00000010     (__TI_cinit_table)

.stack     0    20000000    00000800     UNINITIALIZED
                  20000000    00000800     --HOLE--

.bss       0    20000800    00000488     UNINITIALIZED
                  20000800    00000400     uartstdio.obj (.bss:g_pcUARTTxBuffer)
                  20000c00    00000080     uartstdio.obj (.bss:g_pcUARTRxBuffer)
                  20000c80    00000008     uartstdio.obj (.bss)

.data      0    20000c88    0000002c     
                  20000c88    00000015     uartstdio.obj (.data)
                  20000c9d    00000003     --HOLE--
                  20000ca0    00000008     rtsv7M4_T_le_v4SPD16_eabi.lib : _lock.obj (.data)
                  20000ca8    00000008                                   : exit.obj (.data)
                  20000cb0    00000004                                   : stkdepth_vars.obj (.data)


LINKER GENERATED COPY TABLES

__TI_cinit_table @ 00000e40 records: 2, size/record: 8, table size: 16
	.data: load addr=00000e18, load size=00000012 bytes, run addr=20000c88, run size=0000002c bytes, compression=rle
	.bss: load addr=00000e38, load size=00000008 bytes, run addr=20000800, run size=00000488 bytes, compression=zero_init


LINKER GENERATED HANDLER TABLE

__TI_handler_table @ 00000e2c records: 3, size/record: 4, table size: 12
	index: 0, handler: __TI_decompress_rle24
	index: 1, handler: __TI_decompress_none
	index: 2, handler: __TI_zero_init


GLOBAL SYMBOLS: SORTED ALPHABETICALLY BY Name 

address    name
--------   ----
00000dbd   ADCIntClear
00000c45   ADCIntStatus
00000d55   ADCProcessorTrigger
00000c73   ADCSequenceConfigure
00000ccd   ADCSequenceDataGet
00000d93   ADCSequenceEnable
000008a9   ADCSequenceStepConfigure
00000b91   C$$EXIT
00000dc7   ResetISR
UNDEFED    SHT$$INIT_ARRAY$$Base
UNDEFED    SHT$$INIT_ARRAY$$Limit
00000c9f   SysTickIntHandler
00000dcd   UARTClockSourceSet
00000ca1   UARTFlushRx
00000bd1   UARTFlushTx
00000651   UARTStdioConfig
00000459   UARTStdioIntHandler
00000d23   UARTprintf
0000026d   UARTvprintf
000005a9   UARTwrite
20000800   __STACK_END
00000800   __STACK_SIZE
20000800   __STACK_TOP
00000e40   __TI_CINIT_Base
00000e50   __TI_CINIT_Limit
00000e2c   __TI_Handler_Table_Base
00000e38   __TI_Handler_Table_Limit
00000001   __TI_args_main
00000791   __TI_auto_init
00000daf   __TI_decompress_none
00000dd3   __TI_decompress_rle24
00000000   __TI_static_base__
00000d81   __TI_zero_init
000006f5   __aeabi_memcpy
000006f5   __aeabi_memcpy4
000006f5   __aeabi_memcpy8
00000b4d   __aeabi_uidivmod
ffffffff   __binit__
ffffffff   __c_args__
20000000   __stack
00000d3d   _args_main
00000a79   _c_int00
20000ca8   _cleanup_ptr
20000cac   _dtors_ptr
20000ca0   _lock
00000d7b   _nop
00000d73   _register_lock
00000d6d   _register_unlock
20000ca4   _unlock
00000b95   abort
ffffffff   binit
00000c0d   bootUp
00000979   configureUART
00000b09   copy_in
00000b9d   exit
00000000   g_pfnVectors
00000a2d   getTempFromInternal
00000ced   ledSetColour
000009d5   main
20000cb0   main_func_sp
000006f5   memcpy
00000ac1   setupADC


GLOBAL SYMBOLS: SORTED BY Symbol Address 

address    name
--------   ----
00000000   __TI_static_base__
00000000   g_pfnVectors
00000001   __TI_args_main
0000026d   UARTvprintf
00000459   UARTStdioIntHandler
000005a9   UARTwrite
00000651   UARTStdioConfig
000006f5   __aeabi_memcpy
000006f5   __aeabi_memcpy4
000006f5   __aeabi_memcpy8
000006f5   memcpy
00000791   __TI_auto_init
00000800   __STACK_SIZE
000008a9   ADCSequenceStepConfigure
00000979   configureUART
000009d5   main
00000a2d   getTempFromInternal
00000a79   _c_int00
00000ac1   setupADC
00000b09   copy_in
00000b4d   __aeabi_uidivmod
00000b91   C$$EXIT
00000b95   abort
00000b9d   exit
00000bd1   UARTFlushTx
00000c0d   bootUp
00000c45   ADCIntStatus
00000c73   ADCSequenceConfigure
00000c9f   SysTickIntHandler
00000ca1   UARTFlushRx
00000ccd   ADCSequenceDataGet
00000ced   ledSetColour
00000d23   UARTprintf
00000d3d   _args_main
00000d55   ADCProcessorTrigger
00000d6d   _register_unlock
00000d73   _register_lock
00000d7b   _nop
00000d81   __TI_zero_init
00000d93   ADCSequenceEnable
00000daf   __TI_decompress_none
00000dbd   ADCIntClear
00000dc7   ResetISR
00000dcd   UARTClockSourceSet
00000dd3   __TI_decompress_rle24
00000e2c   __TI_Handler_Table_Base
00000e38   __TI_Handler_Table_Limit
00000e40   __TI_CINIT_Base
00000e50   __TI_CINIT_Limit
20000000   __stack
20000800   __STACK_END
20000800   __STACK_TOP
20000ca0   _lock
20000ca4   _unlock
20000ca8   _cleanup_ptr
20000cac   _dtors_ptr
20000cb0   main_func_sp
ffffffff   __binit__
ffffffff   __c_args__
ffffffff   binit
UNDEFED    SHT$$INIT_ARRAY$$Base
UNDEFED    SHT$$INIT_ARRAY$$Limit

[62 symbols]
