******************************************************************************
                  TI ARM Linker PC v5.0.4                      
******************************************************************************
>> Linked Tue Feb 24 23:40:05 2015

OUTPUT FILE NAME:   <base.out>
ENTRY POINT SYMBOL: "_c_int00"  address: 000009d5


MEMORY CONFIGURATION

         name            origin    length      used     unused   attr    fill
----------------------  --------  ---------  --------  --------  ----  --------
  FLASH                 00000000   00040000  00000e11  0003f1ef  R  X
  SRAM                  20000000   00008000  00000cb4  0000734c  RW X


SEGMENT ALLOCATION MAP

run origin  load origin   length   init length attrs members
----------  ----------- ---------- ----------- ----- -------
00000000    00000000    00000e18   00000e18    r-x
  00000000    00000000    0000026c   0000026c    r-- .intvecs
  0000026c    0000026c    00000b34   00000b34    r-x .text
  00000da0    00000da0    00000039   00000039    r-- .const
  00000de0    00000de0    00000038   00000038    r-- .cinit
20000000    20000000    00000c88   00000000    rw-
  20000000    20000000    00000800   00000000    rw- .stack
  20000800    20000800    00000488   00000000    rw- .bss
20000c88    20000c88    0000002c   0000002c    rw-
  20000c88    20000c88    0000002c   0000002c    rw- .data


SECTION ALLOCATION MAP

 output                                  attributes/
section   page    origin      length       input sections
--------  ----  ----------  ----------   ----------------
.intvecs   0    00000000    0000026c     
                  00000000    0000026c     startup_ccs.obj (.intvecs)

.init_array 
*          0    00000000    00000000     UNINITIALIZED

.text      0    0000026c    00000b34     
                  0000026c    000001ea     uartstdio.obj (.text:UARTvprintf)
                  00000456    00000002     startup_ccs.obj (.text:FaultISR)
                  00000458    00000150     uartstdio.obj (.text:UARTStdioIntHandler)
                  000005a8    000000a8     uartstdio.obj (.text:UARTwrite)
                  00000650    000000a4     uartstdio.obj (.text:UARTStdioConfig)
                  000006f4    0000009c     rtsv7M4_T_le_v4SPD16_eabi.lib : memcpy_t2.obj (.text)
                  00000790    00000094                                   : auto_init.obj (.text)
                  00000824    00000084     uartstdio.obj (.text:UARTPrimeTransmit)
                  000008a8    00000070     driverlib.lib : adc.obj (.text:ADCSequenceStepConfigure)
                  00000918    0000005e     rtsv7M4_T_le_v4SPD16_eabi.lib : copy_decompress_rle.obj (.text)
                  00000976    00000002     startup_ccs.obj (.text:IntDefaultHandler)
                  00000978    0000005c     main.obj (.text:configureUART)
                  000009d4    00000048     rtsv7M4_T_le_v4SPD16_eabi.lib : boot.obj (.text)
                  00000a1c    00000048     adc.obj (.text:setupADC)
                  00000a64    00000044     rtsv7M4_T_le_v4SPD16_eabi.lib : cpy_tbl.obj (.text)
                  00000aa8    00000042                                   : u_divt2.obj (.text)
                  00000aea    00000002     startup_ccs.obj (.text:NmiSR)
                  00000aec    00000040     rtsv7M4_T_le_v4SPD16_eabi.lib : exit.obj (.text)
                  00000b2c    0000003c     uartstdio.obj (.text:UARTFlushTx)
                  00000b68    00000038     main.obj (.text:bootUp)
                  00000ba0    00000038     main.obj (.text:main)
                  00000bd8    00000034     adc.obj (.text:getTempFromInternal)
                  00000c0c    0000002e     driverlib.lib : adc.obj (.text:ADCIntStatus)
                  00000c3a    0000002c                   : adc.obj (.text:ADCSequenceConfigure)
                  00000c66    00000002     main.obj (.text:SysTickIntHandler)
                  00000c68    0000002c     uartstdio.obj (.text:UARTFlushRx)
                  00000c94    0000001e     driverlib.lib : adc.obj (.text:ADCSequenceDataGet)
                  00000cb2    00000002     --HOLE-- [fill = 0]
                  00000cb4    0000001c     led.obj (.text:ledSetColour)
                  00000cd0    0000001a     uartstdio.obj (.text:IsBufferFull)
                  00000cea    0000001a     uartstdio.obj (.text:UARTprintf)
                  00000d04    00000018     rtsv7M4_T_le_v4SPD16_eabi.lib : args_main.obj (.text)
                  00000d1c    00000016     driverlib.lib : adc.obj (.text:ADCProcessorTrigger)
                  00000d32    00000002     --HOLE-- [fill = 0]
                  00000d34    00000014     rtsv7M4_T_le_v4SPD16_eabi.lib : _lock.obj (.text)
                  00000d48    00000012                                   : copy_zero_init.obj (.text:decompress:ZI)
                  00000d5a    0000000e     driverlib.lib : adc.obj (.text:ADCSequenceEnable)
                  00000d68    0000000e     uartstdio.obj (.text:IsBufferEmpty)
                  00000d76    0000000e     rtsv7M4_T_le_v4SPD16_eabi.lib : copy_decompress_none.obj (.text:decompress:none)
                  00000d84    0000000a     driverlib.lib : adc.obj (.text:ADCIntClear)
                  00000d8e    00000006     startup_ccs.obj (.text:ResetISR)
                  00000d94    00000006     driverlib.lib : uart.obj (.text:UARTClockSourceSet)
                  00000d9a    00000006     rtsv7M4_T_le_v4SPD16_eabi.lib : copy_decompress_rle.obj (.text:decompress:rle24)

.const     0    00000da0    00000039     
                  00000da0    00000028     uartstdio.obj (.const)
                  00000dc8    00000011     uartstdio.obj (.const:.string)

.cinit     0    00000de0    00000038     
                  00000de0    00000012     (.cinit..data.load) [load image, compression = rle]
                  00000df2    00000002     --HOLE-- [fill = 0]
                  00000df4    0000000c     (__TI_handler_table)
                  00000e00    00000008     (.cinit..bss.load) [load image, compression = zero_init]
                  00000e08    00000010     (__TI_cinit_table)

.stack     0    20000000    00000800     UNINITIALIZED
                  20000000    00000800     --HOLE--

.bss       0    20000800    00000488     UNINITIALIZED
                  20000800    00000400     uartstdio.obj (.bss:g_pcUARTTxBuffer)
                  20000c00    00000080     uartstdio.obj (.bss:g_pcUARTRxBuffer)
                  20000c80    00000008     uartstdio.obj (.bss)

.data      0    20000c88    0000002c     
                  20000c88    00000015     uartstdio.obj (.data)
                  20000c9d    00000003     --HOLE--
                  20000ca0    00000008     rtsv7M4_T_le_v4SPD16_eabi.lib : _lock.obj (.data)
                  20000ca8    00000008                                   : exit.obj (.data)
                  20000cb0    00000004                                   : stkdepth_vars.obj (.data)


LINKER GENERATED COPY TABLES

__TI_cinit_table @ 00000e08 records: 2, size/record: 8, table size: 16
	.data: load addr=00000de0, load size=00000012 bytes, run addr=20000c88, run size=0000002c bytes, compression=rle
	.bss: load addr=00000e00, load size=00000008 bytes, run addr=20000800, run size=00000488 bytes, compression=zero_init


LINKER GENERATED HANDLER TABLE

__TI_handler_table @ 00000df4 records: 3, size/record: 4, table size: 12
	index: 0, handler: __TI_decompress_rle24
	index: 1, handler: __TI_decompress_none
	index: 2, handler: __TI_zero_init


GLOBAL SYMBOLS: SORTED ALPHABETICALLY BY Name 

address    name
--------   ----
00000d85   ADCIntClear
00000c0d   ADCIntStatus
00000d1d   ADCProcessorTrigger
00000c3b   ADCSequenceConfigure
00000c95   ADCSequenceDataGet
00000d5b   ADCSequenceEnable
000008a9   ADCSequenceStepConfigure
00000aed   C$$EXIT
00000d8f   ResetISR
UNDEFED    SHT$$INIT_ARRAY$$Base
UNDEFED    SHT$$INIT_ARRAY$$Limit
00000c67   SysTickIntHandler
00000d95   UARTClockSourceSet
00000c69   UARTFlushRx
00000b2d   UARTFlushTx
00000651   UARTStdioConfig
00000459   UARTStdioIntHandler
00000ceb   UARTprintf
0000026d   UARTvprintf
000005a9   UARTwrite
20000800   __STACK_END
00000800   __STACK_SIZE
20000800   __STACK_TOP
00000e08   __TI_CINIT_Base
00000e18   __TI_CINIT_Limit
00000df4   __TI_Handler_Table_Base
00000e00   __TI_Handler_Table_Limit
00000001   __TI_args_main
00000791   __TI_auto_init
00000d77   __TI_decompress_none
00000d9b   __TI_decompress_rle24
00000000   __TI_static_base__
00000d49   __TI_zero_init
000006f5   __aeabi_memcpy
000006f5   __aeabi_memcpy4
000006f5   __aeabi_memcpy8
00000aa9   __aeabi_uidivmod
ffffffff   __binit__
ffffffff   __c_args__
20000000   __stack
00000d05   _args_main
000009d5   _c_int00
20000ca8   _cleanup_ptr
20000cac   _dtors_ptr
20000ca0   _lock
00000d43   _nop
00000d3b   _register_lock
00000d35   _register_unlock
20000ca4   _unlock
00000af1   abort
ffffffff   binit
00000b69   bootUp
00000979   configureUART
00000a65   copy_in
00000af9   exit
00000000   g_pfnVectors
00000bd9   getTempFromInternal
00000cb5   ledSetColour
00000ba1   main
20000cb0   main_func_sp
000006f5   memcpy
00000a1d   setupADC


GLOBAL SYMBOLS: SORTED BY Symbol Address 

address    name
--------   ----
00000000   __TI_static_base__
00000000   g_pfnVectors
00000001   __TI_args_main
0000026d   UARTvprintf
00000459   UARTStdioIntHandler
000005a9   UARTwrite
00000651   UARTStdioConfig
000006f5   __aeabi_memcpy
000006f5   __aeabi_memcpy4
000006f5   __aeabi_memcpy8
000006f5   memcpy
00000791   __TI_auto_init
00000800   __STACK_SIZE
000008a9   ADCSequenceStepConfigure
00000979   configureUART
000009d5   _c_int00
00000a1d   setupADC
00000a65   copy_in
00000aa9   __aeabi_uidivmod
00000aed   C$$EXIT
00000af1   abort
00000af9   exit
00000b2d   UARTFlushTx
00000b69   bootUp
00000ba1   main
00000bd9   getTempFromInternal
00000c0d   ADCIntStatus
00000c3b   ADCSequenceConfigure
00000c67   SysTickIntHandler
00000c69   UARTFlushRx
00000c95   ADCSequenceDataGet
00000cb5   ledSetColour
00000ceb   UARTprintf
00000d05   _args_main
00000d1d   ADCProcessorTrigger
00000d35   _register_unlock
00000d3b   _register_lock
00000d43   _nop
00000d49   __TI_zero_init
00000d5b   ADCSequenceEnable
00000d77   __TI_decompress_none
00000d85   ADCIntClear
00000d8f   ResetISR
00000d95   UARTClockSourceSet
00000d9b   __TI_decompress_rle24
00000df4   __TI_Handler_Table_Base
00000e00   __TI_Handler_Table_Limit
00000e08   __TI_CINIT_Base
00000e18   __TI_CINIT_Limit
20000000   __stack
20000800   __STACK_END
20000800   __STACK_TOP
20000ca0   _lock
20000ca4   _unlock
20000ca8   _cleanup_ptr
20000cac   _dtors_ptr
20000cb0   main_func_sp
ffffffff   __binit__
ffffffff   __c_args__
ffffffff   binit
UNDEFED    SHT$$INIT_ARRAY$$Base
UNDEFED    SHT$$INIT_ARRAY$$Limit

[62 symbols]
